
PROGRAM "C:\CIM\Software\CIM v2\cim\bin\Project.abs"

*********************************************************************************************
TARGET SECTION
---------------------------------------------------------------------------------------------
Processor   : Freescale HC08
Memory Model: SMALL
File Format : ELF\DWARF 2.0
Linker      : SmartLinker V-5.0.30 Build 7134, May 15 2007

*********************************************************************************************
FILE SECTION
---------------------------------------------------------------------------------------------
RTSHC08.C.o (ansiis.lib)                Model: SMALL,         Lang: ANSI-C
STRING.C.o (ansiis.lib)                 Model: SMALL,         Lang: ANSI-C
Start08.c.o                             Model: SMALL,         Lang: ANSI-C
main.c.o                                Model: SMALL,         Lang: ANSI-C
sci.c.o                                 Model: SMALL,         Lang: ANSI-C
scibrtbl.c.o                            Model: SMALL,         Lang: ANSI-C
serial.c.o                              Model: SMALL,         Lang: ANSI-C
serlog.c.o                              Model: SMALL,         Lang: ANSI-C
sertable.c.o                            Model: SMALL,         Lang: ANSI-C
sloghost.c.o                            Model: SMALL,         Lang: ANSI-C
slogval.c.o                             Model: SMALL,         Lang: ANSI-C
drivers.c.o                             Model: SMALL,         Lang: ANSI-C
gsqueue.c.o                             Model: SMALL,         Lang: ANSI-C
qdata.c.o                               Model: SMALL,         Lang: ANSI-C
stimers.c.o                             Model: SMALL,         Lang: ANSI-C
watchdog.c.o                            Model: SMALL,         Lang: ANSI-C
wouts.c.o                               Model: SMALL,         Lang: ANSI-C
initsys.c.o                             Model: SMALL,         Lang: ANSI-C
valact.c.o                              Model: SMALL,         Lang: ANSI-C
valctrl.c.o                             Model: SMALL,         Lang: ANSI-C
dispatch.c.o                            Model: SMALL,         Lang: ANSI-C
mparser.c.o                             Model: SMALL,         Lang: ANSI-C
mpdata.c.o                              Model: SMALL,         Lang: ANSI-C
news.c.o                                Model: SMALL,         Lang: ANSI-C
nqdata.c.o                              Model: SMALL,         Lang: ANSI-C
nqueue.c.o                              Model: SMALL,         Lang: ANSI-C
utils.c.o                               Model: SMALL,         Lang: ANSI-C
alarm.c.o                               Model: SMALL,         Lang: ANSI-C
drverr.c.o                              Model: SMALL,         Lang: ANSI-C
enaint.c.o                              Model: SMALL,         Lang: ANSI-C
lowint.c.o                              Model: SMALL,         Lang: ANSI-C
grstatus.c.o                            Model: SMALL,         Lang: ANSI-C
locker.c.o                              Model: SMALL,         Lang: ANSI-C
maintime.c.o                            Model: SMALL,         Lang: ANSI-C
sleep.c.o                               Model: SMALL,         Lang: ANSI-C
alphact.c.o                             Model: SMALL,         Lang: ANSI-C
alphctrl.c.o                            Model: SMALL,         Lang: ANSI-C
logprot.c.o                             Model: SMALL,         Lang: ANSI-C
mtimetbl.c.o                            Model: SMALL,         Lang: ANSI-C
platform.c.o                            Model: SMALL,         Lang: ANSI-C
cop.c.o                                 Model: SMALL,         Lang: ANSI-C
icg.c.o                                 Model: SMALL,         Lang: ANSI-C
ioports.c.o                             Model: SMALL,         Lang: ANSI-C
lvd.c.o                                 Model: SMALL,         Lang: ANSI-C
rti.c.o                                 Model: SMALL,         Lang: ANSI-C
spi.c.o                                 Model: SMALL,         Lang: ANSI-C
pwrhdl.c.o                              Model: SMALL,         Lang: ANSI-C
pwrsys.c.o                              Model: SMALL,         Lang: ANSI-C
cparse.c.o                              Model: SMALL,         Lang: ANSI-C
cpdata.c.o                              Model: SMALL,         Lang: ANSI-C
sensor.c.o                              Model: SMALL,         Lang: ANSI-C
phylay.c.o                              Model: SMALL,         Lang: ANSI-C
sersw.c.o                               Model: SMALL,         Lang: ANSI-C
dwosact.c.o                             Model: SMALL,         Lang: ANSI-C
dwosctrl.c.o                            Model: SMALL,         Lang: ANSI-C
dwsact.c.o                              Model: SMALL,         Lang: ANSI-C
dwsctrl.c.o                             Model: SMALL,         Lang: ANSI-C
lockerhdl.c.o                           Model: SMALL,         Lang: ANSI-C
MC9S08GB60.C.o                          Model: SMALL,         Lang: ANSI-C
users.c.o                               Model: SMALL,         Lang: ANSI-C
dataflsh.c.o                            Model: SMALL,         Lang: ANSI-C
dffatal.c.o                             Model: SMALL,         Lang: ANSI-C
dfilsys.c.o                             Model: SMALL,         Lang: ANSI-C
dfmanage.c.o                            Model: SMALL,         Lang: ANSI-C
dfpwf.c.o                               Model: SMALL,         Lang: ANSI-C
dftypes.c.o                             Model: SMALL,         Lang: ANSI-C
dfvars.c.o                              Model: SMALL,         Lang: ANSI-C
flash.c.o                               Model: SMALL,         Lang: ANSI-C
spihal.c.o                              Model: SMALL,         Lang: ANSI-C
grqueue.c.o                             Model: SMALL,         Lang: ANSI-C
irq.c.o                                 Model: SMALL,         Lang: ANSI-C
adc.c.o                                 Model: SMALL,         Lang: ANSI-C
pwract.c.o                              Model: SMALL,         Lang: ANSI-C
pwrctrl.c.o                             Model: SMALL,         Lang: ANSI-C
faccess.c.o                             Model: SMALL,         Lang: ANSI-C

*********************************************************************************************
STARTUP SECTION
---------------------------------------------------------------------------------------------
Entry point: 0x18A7 (_Startup)
_startupData is allocated at 0x18B0 and uses 6 Bytes
extern struct _tagStartup {
  unsigned nofZeroOut     1
  _Range   pZeroOut       0x100     2335
  _Copy    *toCopyDownBeg 0x617D
} _startupData;

*********************************************************************************************
SECTION-ALLOCATION SECTION
Section Name                    Size  Type     From       To       Segment
---------------------------------------------------------------------------------------------
.data                            149   R/W      0x100      0x194   RAM
.text                          17330     R     0x18BE     0x5C6F   ROM
.rodata                         1219     R     0x5C70     0x6132   ROM
.rodata1                          74     R     0x6133     0x617C   ROM
.abs_section_ffdc                  2     R     0xFFDC     0xFFDD   .absSeg0
.abs_section_ffd6                  2     R     0xFFD6     0xFFD7   .absSeg1
.abs_section_ffcc                  2     R     0xFFCC     0xFFCD   .absSeg2
.abs_section_0                     1   N/I        0x0        0x0   .absSeg3
.abs_section_1                     1   N/I        0x1        0x1   .absSeg4
.abs_section_2                     1   N/I        0x2        0x2   .absSeg5
.abs_section_3                     1   N/I        0x3        0x3   .absSeg6
.abs_section_4                     1   N/I        0x4        0x4   .absSeg7
.abs_section_5                     1   N/I        0x5        0x5   .absSeg8
.abs_section_6                     1   N/I        0x6        0x6   .absSeg9
.abs_section_7                     1   N/I        0x7        0x7   .absSeg10
.abs_section_8                     1   N/I        0x8        0x8   .absSeg11
.abs_section_9                     1   N/I        0x9        0x9   .absSeg12
.abs_section_a                     1   N/I        0xA        0xA   .absSeg13
.abs_section_b                     1   N/I        0xB        0xB   .absSeg14
.abs_section_c                     1   N/I        0xC        0xC   .absSeg15
.abs_section_d                     1   N/I        0xD        0xD   .absSeg16
.abs_section_e                     1   N/I        0xE        0xE   .absSeg17
.abs_section_f                     1   N/I        0xF        0xF   .absSeg18
.abs_section_10                    1   N/I       0x10       0x10   .absSeg19
.abs_section_11                    1   N/I       0x11       0x11   .absSeg20
.abs_section_12                    1   N/I       0x12       0x12   .absSeg21
.abs_section_13                    1   N/I       0x13       0x13   .absSeg22
.abs_section_14                    1   N/I       0x14       0x14   .absSeg23
.abs_section_16                    1   N/I       0x16       0x16   .absSeg24
.abs_section_17                    1   N/I       0x17       0x17   .absSeg25
.abs_section_1a                    1   N/I       0x1A       0x1A   .absSeg26
.abs_section_1b                    1   N/I       0x1B       0x1B   .absSeg27
.abs_section_1c                    1   N/I       0x1C       0x1C   .absSeg28
.abs_section_1d                    1   N/I       0x1D       0x1D   .absSeg29
.abs_section_1e                    1   N/I       0x1E       0x1E   .absSeg30
.abs_section_1f                    1   N/I       0x1F       0x1F   .absSeg31
.abs_section_22                    1   N/I       0x22       0x22   .absSeg32
.abs_section_23                    1   N/I       0x23       0x23   .absSeg33
.abs_section_24                    1   N/I       0x24       0x24   .absSeg34
.abs_section_25                    1   N/I       0x25       0x25   .absSeg35
.abs_section_26                    1   N/I       0x26       0x26   .absSeg36
.abs_section_27                    1   N/I       0x27       0x27   .absSeg37
.abs_section_28                    1   N/I       0x28       0x28   .absSeg38
.abs_section_29                    1   N/I       0x29       0x29   .absSeg39
.abs_section_2a                    1   N/I       0x2A       0x2A   .absSeg40
.abs_section_2b                    1   N/I       0x2B       0x2B   .absSeg41
.abs_section_2d                    1   N/I       0x2D       0x2D   .absSeg42
.abs_section_30                    1   N/I       0x30       0x30   .absSeg43
.abs_section_35                    1   N/I       0x35       0x35   .absSeg44
.abs_section_38                    1   N/I       0x38       0x38   .absSeg45
.abs_section_3b                    1   N/I       0x3B       0x3B   .absSeg46
.abs_section_40                    1   N/I       0x40       0x40   .absSeg47
.abs_section_41                    1   N/I       0x41       0x41   .absSeg48
.abs_section_42                    1   N/I       0x42       0x42   .absSeg49
.abs_section_43                    1   N/I       0x43       0x43   .absSeg50
.abs_section_44                    1   N/I       0x44       0x44   .absSeg51
.abs_section_45                    1   N/I       0x45       0x45   .absSeg52
.abs_section_46                    1   N/I       0x46       0x46   .absSeg53
.abs_section_47                    1   N/I       0x47       0x47   .absSeg54
.abs_section_48                    1   N/I       0x48       0x48   .absSeg55
.abs_section_49                    1   N/I       0x49       0x49   .absSeg56
.abs_section_4a                    1   N/I       0x4A       0x4A   .absSeg57
.abs_section_4b                    1   N/I       0x4B       0x4B   .absSeg58
.abs_section_4e                    1   N/I       0x4E       0x4E   .absSeg59
.abs_section_50                    1   N/I       0x50       0x50   .absSeg60
.abs_section_51                    1   N/I       0x51       0x51   .absSeg61
.abs_section_54                    1   N/I       0x54       0x54   .absSeg62
.abs_section_58                    1   N/I       0x58       0x58   .absSeg63
.abs_section_59                    1   N/I       0x59       0x59   .absSeg64
.abs_section_5a                    1   N/I       0x5A       0x5A   .absSeg65
.abs_section_5b                    1   N/I       0x5B       0x5B   .absSeg66
.abs_section_5c                    1   N/I       0x5C       0x5C   .absSeg67
.abs_section_60                    1   N/I       0x60       0x60   .absSeg68
.abs_section_65                    1   N/I       0x65       0x65   .absSeg69
.abs_section_68                    1   N/I       0x68       0x68   .absSeg70
.abs_section_6b                    1   N/I       0x6B       0x6B   .absSeg71
.abs_section_6e                    1   N/I       0x6E       0x6E   .absSeg72
.abs_section_71                    1   N/I       0x71       0x71   .absSeg73
.abs_section_1800                  1   N/I     0x1800     0x1800   .absSeg74
.abs_section_1801                  1   N/I     0x1801     0x1801   .absSeg75
.abs_section_1802                  1   N/I     0x1802     0x1802   .absSeg76
.abs_section_1808                  1   N/I     0x1808     0x1808   .absSeg77
.abs_section_1809                  1   N/I     0x1809     0x1809   .absSeg78
.abs_section_180a                  1   N/I     0x180A     0x180A   .absSeg79
.abs_section_1810                  1   N/I     0x1810     0x1810   .absSeg80
.abs_section_1811                  1   N/I     0x1811     0x1811   .absSeg81
.abs_section_1812                  1   N/I     0x1812     0x1812   .absSeg82
.abs_section_1813                  1   N/I     0x1813     0x1813   .absSeg83
.abs_section_1816                  1   N/I     0x1816     0x1816   .absSeg84
.abs_section_1817                  1   N/I     0x1817     0x1817   .absSeg85
.abs_section_1818                  1   N/I     0x1818     0x1818   .absSeg86
.abs_section_1820                  1   N/I     0x1820     0x1820   .absSeg87
.abs_section_1821                  1   N/I     0x1821     0x1821   .absSeg88
.abs_section_1823                  1   N/I     0x1823     0x1823   .absSeg89
.abs_section_1824                  1   N/I     0x1824     0x1824   .absSeg90
.abs_section_1825                  1   N/I     0x1825     0x1825   .absSeg91
.abs_section_1826                  1   N/I     0x1826     0x1826   .absSeg92
.abs_section_18                    2   N/I       0x18       0x19   .absSeg93
.abs_section_20                    2   N/I       0x20       0x21   .absSeg94
.abs_section_31                    2   N/I       0x31       0x32   .absSeg95
.abs_section_33                    2   N/I       0x33       0x34   .absSeg96
.abs_section_36                    2   N/I       0x36       0x37   .absSeg97
.abs_section_39                    2   N/I       0x39       0x3A   .absSeg98
.abs_section_3c                    2   N/I       0x3C       0x3D   .absSeg99
.abs_section_4c                    2   N/I       0x4C       0x4D   .absSeg100
.abs_section_52                    2   N/I       0x52       0x53   .absSeg101
.abs_section_61                    2   N/I       0x61       0x62   .absSeg102
.abs_section_63                    2   N/I       0x63       0x64   .absSeg103
.abs_section_66                    2   N/I       0x66       0x67   .absSeg104
.abs_section_69                    2   N/I       0x69       0x6A   .absSeg105
.abs_section_6c                    2   N/I       0x6C       0x6D   .absSeg106
.abs_section_6f                    2   N/I       0x6F       0x70   .absSeg107
.abs_section_72                    2   N/I       0x72       0x73   .absSeg108
.abs_section_1806                  2   N/I     0x1806     0x1807   .absSeg109
.abs_section_1814                  2   N/I     0x1814     0x1815   .absSeg110
.abs_section_fffa                  2     R     0xFFFA     0xFFFB   .absSeg111
.bss                            1957   R/W      0x195      0x939   RAM
.startData                        14     R     0x18B0     0x18BD   ROM
.init                            132     R     0x182C     0x18AF   ROM
.common                          229   R/W      0x93A      0xA1E   RAM
.stack                          1024   R/W      0xA1F      0xE1E   RAM
.copy                            155     R     0x617D     0x6217   ROM
.vectSeg112_vect                   2     R     0xFFFE     0xFFFF   .vectSeg112

Summary of section sizes per section type:
READ_ONLY (R):        49F6 (dec:    18934)
READ_WRITE (R/W):      D1F (dec:     3359)
NO_INIT (N/I):          7E (dec:      126)

*********************************************************************************************
VECTOR-ALLOCATION SECTION
    Address     InitValue   InitFunction
---------------------------------------------------------------------------------------------
     0xFFFE        0x18A7   _Startup

*********************************************************************************************
OBJECT-ALLOCATION SECTION
     Name               Module                 Addr   hSize   dSize     Ref    Section   RLIB
---------------------------------------------------------------------------------------------
MODULE:                 -- RTSHC08.C.o (ansiis.lib) --
- PROCEDURES:
     _PUSH_ARGS_L                              18BE      20      32       2   .text       
     _ENTER_UNARY_L                            18DE      29      41       2   .text       
     _ENTER_BINARY_L                           1907      16      22       6   .text       
     _ENTER_BINARY_L_RC                        191D      19      25       1   .text       
     _IDIVMOD                                  1936      69     105       3   .text       
     _SPLITSIGN                                199F      1C      28       1   .text       
     _LADD_k_is_k_plus_j                       19BB      1F      31       1   .text       
     _k_is_k_plus_j_l                          19DA      1E      30       2   .text       
     _k_is_k_plus_j_i                          19F8      12      18       3   .text       
     _LSUB_k_is_k_minus_j                      1A0A      1F      31       1   .text       
     _LMUL_k_is_k_mul_j                        1A29      81     129       1   .text       
     _LDIVMOD                                  1AAA      A4     164       2   .text       
     _LMODU_k_is_k_mod_j                       1B4E       B      11       1   .text       
     _LDIVU_k_is_k_div_j                       1B59      17      23       1   .text       
     _LCMP_k_rel_j                             1B70      1F      31       2   .text       
     _IMUL_STAR08                              1B8F      27      39       6   .text       
     _IDIVS_STAR08                             1BB6      1B      27       3   .text       
     _IDIVU_STAR08                             1BD1       D      13       1   .text       
     _IMODU_STAR08                             1BDE      10      16       1   .text       
     _ILSL                                     1BEE       C      12       2   .text       
     _ICMP                                     1BFA      16      22       9   .text       
     _LINC                                     1C10      16      22       5   .text       
     _LDEC                                     1C26      1C      28       1   .text       
     _LADD                                     1C42       6       6       2   .text       
     _LSUB                                     1C48       6       6       1   .text       
     _LMUL                                     1C4E       6       6       7   .text       
     _LDIVU                                    1C54       6       6       8   .text       
     _LMODU                                    1C5A       6       6       3   .text       
     _LCMP                                     1C60       6       6       7   .text       
     _LCMP_RC                                  1C66       6       6       5   .text       
     _COPY                                     1C6C      30      48      19   .text       
     _POP32                                    1C9C      1A      26      12   .text       
     _STORE32                                  1CB6      16      22       2   .text       
     _SEXT16_32                                1CCC       D      13       1   .text       
     _CALL_STAR08                              1CD9      20      32       4   .text       
     _Jump_Table_Header_Offset                 1CF9      24      36       3   .text       
     _PUSH_CC                                  1D1D       F      15       4   .text       
     _POP_CC                                   1D2C       F      15       4   .text       
- VARIABLES:
MODULE:                 -- STRING.C.o (ansiis.lib) --
- PROCEDURES:
     memcmp                                    1D3B      56      86       1   .text       
     memcpy                                    1D91      3D      61      15   .text       
     memset                                    1DCE      30      48       5   .text       
- VARIABLES:
MODULE:                 -- Start08.c.o --
- PROCEDURES:
     loadByte                                  182C       E      14       5   .init       
     Init                                      183A      6D     109       1   .init       
     _Startup                                  18A7       9       9       0   .init       
- VARIABLES:
     _startupData                              18B0       6       6       4   .startData  
- LABELS:
     __SEG_END_SSTACK                           E1F       0       0       1               
MODULE:                 -- main.c.o --
- PROCEDURES:
     main                                      1DFE      14      20       1   .text       
- VARIABLES:
MODULE:                 -- sci.c.o --
- PROCEDURES:
     host_sci1_init                            1E12      1F      31       1   .text       
     val_sci2_init                             1E31      20      32       1   .text       
     host_sci1_sendchar                        1E51      13      19       1   .text       
     val_sci2_sendchar                         1E64       D      13       1   .text       
     host_rcv_isr                              1E71      17      23       1   .text       
     val_rcv_isr                               1E88      1F      31       1   .text       
- VARIABLES:
     _Vector_17                                FFDC       2       2       0   .abs_section_ffdc
     _Vector_20                                FFD6       2       2       0   .abs_section_ffd6
MODULE:                 -- scibrtbl.c.o --
- PROCEDURES:
- VARIABLES:
     sci_br_tbl                                5C70      12      18       2   .rodata     
MODULE:                 -- serial.c.o --
- PROCEDURES:
     serial_init                               1EA7      1B      27       2   .text       
     put_nchar                                 1EC2      3E      62       2   .text       
     get_char                                  1F00       3       3       1   .text       
- VARIABLES:
MODULE:                 -- serlog.c.o --
- PROCEDURES:
     init_serlog                               1F03      10      16       1   .text       
     serlog_sendchar                           1F13      12      18       1   .text       
- VARIABLES:
MODULE:                 -- sertable.c.o --
- PROCEDURES:
- VARIABLES:
     serial_default                            5C82       6       6       2   .rodata     
     hostrx_queue                               93A      80     128       3   .common     
     valrx_queue                                9BA      40      64       3   .common     
MODULE:                 -- sloghost.c.o --
- PROCEDURES:
     host_init                                 1F25       A      10       1   .text       
     host_sendchar                             1F2F       3       3       1   .text       
- VARIABLES:
MODULE:                 -- slogval.c.o --
- PROCEDURES:
     val_init                                  1F32       A      10       1   .text       
     val_sendchar                              1F3C       3       3       1   .text       
- VARIABLES:
MODULE:                 -- drivers.c.o --
- PROCEDURES:
     drivers_init                              1F3F      30      48       1   .text       
- VARIABLES:
MODULE:                 -- gsqueue.c.o --
- PROCEDURES:
     is_empty_gsqueue                          1F6F      1F      31       1   .text       
     remove_gsqueue                            1F8E      63      99       1   .text       
     put_gsqueue                               1FF1      67     103       2   .text       
     deplete_gsqueue                           2058      22      34       1   .text       
- VARIABLES:
MODULE:                 -- qdata.c.o --
- PROCEDURES:
- VARIABLES:
     gsqueues                                   100      10      16       7   .data       
MODULE:                 -- stimers.c.o --
- PROCEDURES:
     init_stimers                              207A      1F      31       1   .text       
     handler_timers                            2099      97     151       3   .text       
     assign_timer                              2130      62      98      10   .text       
     kick_timer                                2192      37      55      25   .text       
     kill_timer                                21C9       4       4      14   .text       
- VARIABLES:
     timers                                     195      60      96      12   .bss        
MODULE:                 -- watchdog.c.o --
- PROCEDURES:
     reset_now                                 21CD       8       8       4   .text       
     kick_watchdog                             21D5      16      22       5   .text       
     check_watchdog                            21EB      17      23       1   .text       
- VARIABLES:
     watchdog_tick                              110       2       2       6   .data       
MODULE:                 -- wouts.c.o --
- PROCEDURES:
     init_wouts                                2202       6       6       1   .text       
     enable_vlocks                             2208      23      35       2   .text       
     disable_vlocks                            222B      23      35       2   .text       
     kick_wouts                                224E       B      11       1   .text       
     proc_wouts                                2259      11      17       1   .text       
- VARIABLES:
     wout_image                                 1F5       1       1       4   .bss        
     kickwouts                                  1F6       1       1       3   .bss        
     vlocks_st                                  1F7       2       2       3   .bss        
MODULE:                 -- initsys.c.o --
- PROCEDURES:
     init_system                               226A      3A      58       1   .text       
- VARIABLES:
     mcu_id.1                                   1F9       1       1       3   .bss        
     num_users_available.2                      1FA       2       2       1   .bss        
     fd_used.3                                  1FC       2       2       1   .bss        
     fd_inerror.4                               1FE       2       2       1   .bss        
     fs_page_errors.5                           200       2       2       1   .bss        
MODULE:                 -- valact.c.o --
- PROCEDURES:
     init_val                                  22A4       1       1       1   .text       
     init_vframe                               22A5      22      34       1   .text       
     store_vlng                                22C7      17      23       1   .text       
     store_vdata                               22DE       F      15       1   .text       
     rec_vframe                                22ED      33      51       1   .text       
     vblocked_ppro                             2320       D      13       1   .text       
     idle_val_ppro                             232D      12      18       1   .text       
     wait_lng_ppro                             233F       C      12       1   .text       
     in_frame_ppro                             234B      21      33       1   .text       
- VARIABLES:
     rframe                                     202     106     262       9   .bss        
     pfr                                        308       2       2       8   .bss        
MODULE:                 -- valctrl.c.o --
- PROCEDURES:
- VARIABLES:
     trans_vblocked                            5C88       F      15       1   .rodata     
     trans_idle_val                            5C97      14      20       1   .rodata     
     trans_wait_lng                            5CAB      14      20       1   .rodata     
     trans_in_frame                            5CBF      19      25       1   .rodata     
     vblocked                                  5CD8       4       4       8   .rodata     
     idle_val                                  5CDC       4       4       3   .rodata     
     wait_lng                                  5CE0       4       4       3   .rodata     
     in_frame                                  5CE4       4       4       4   .rodata     
MODULE:                 -- dispatch.c.o --
- PROCEDURES:
     init_dispatcher                           236C      18      24       1   .text       
     dispatcher                                2384      2D      45       1   .text       
- VARIABLES:
MODULE:                 -- mparser.c.o --
- PROCEDURES:
     do_mparse                                 23B1      90     144       2   .text       
     exec_mparser                              2441      21      33       4   .text       
     init_mparsers                             2462      3A      58       6   .text       
- VARIABLES:
     in                                         30A       1       1       2   .bss        
MODULE:                 -- mpdata.c.o --
- PROCEDURES:
- VARIABLES:
     mparsers                                   112      1E      30       4   .data       
MODULE:                 -- news.c.o --
- PROCEDURES:
- VARIABLES:
     def_news                                  5CE8      42      66      24   .rodata     
     emer_queue                                 9FA       4       4       3   .common     
     cond_queue                                 9FE       8       8       3   .common     
     news_queue                                 A06       8       8       3   .common     
MODULE:                 -- nqdata.c.o --
- PROCEDURES:
- VARIABLES:
     nqueues                                    130      18      24       5   .data       
MODULE:                 -- nqueue.c.o --
- PROCEDURES:
     is_empty_nqueue                           249C      13      19       1   .text       
     remove_nqueue                             24AF      89     137       3   .text       
     put_nqueue                                2538      84     132      19   .text       
- VARIABLES:
MODULE:                 -- utils.c.o --
- PROCEDURES:
     get_checksum                              25BC      2A      42       1   .text       
     conv_endians                              25E6      14      20       2   .text       
- VARIABLES:
MODULE:                 -- alarm.c.o --
- PROCEDURES:
     set_alarm                                 25FA      1E      30       1   .text       
- VARIABLES:
MODULE:                 -- drverr.c.o --
- PROCEDURES:
     fatal                                     2618       3       3       2   .text       
- VARIABLES:
MODULE:                 -- enaint.c.o --
- PROCEDURES:
     init_stack                                261B       7       7       1   .text       
     push                                      2622      16      22       1   .text       
     pop                                       2638      1A      26       1   .text       
     init_int_handler                          2652       2       2       1   .text       
     sem_disable                               2654      22      34      14   .text       
     sem_enable                                2676      24      36      16   .text       
     enable_gral_interrupt                     269A       3       3       1   .text       
- VARIABLES:
     STRING.C..CIM.Software.CIM..1             6133      3B      59       2   .rodata1    
     int_stack                                  30B       8       8       3   .bss        
     pint                                       313       2       2       6   .bss        
MODULE:                 -- lowint.c.o --
- PROCEDURES:
     enable_interrupt                          269D       2       2       2   .text       
     disable_interrupt                         269F       2       2       2   .text       
     get_enable_status                         26A1      10      16       1   .text       
- VARIABLES:
MODULE:                 -- grstatus.c.o --
- PROCEDURES:
     init_group_status                         26B1      16      22       1   .text       
     get_group_status                          26C7      1D      29       1   .text       
     set_safebox_st                            26E4      14      20       3   .text       
     set_locker_state                          26F8      25      37      18   .text       
     set_plunger_state                         271D      25      37       7   .text       
     set_stacker_state                         2742      25      37       4   .text       
     inform_locker_error                       2767      25      37       8   .text       
- VARIABLES:
     grst                                       315       9       9      25   .bss        
     rem_grst.1                                 31E       9       9       2   .bss        
MODULE:                 -- locker.c.o --
- PROCEDURES:
     set_locker                                278C      2D      45       2   .text       
     set_tlock                                 27B9      4C      76       2   .text       
     get_tlock_timer                           2805       F      15       2   .text       
     set_tunlock_enable                        2814      1C      28       1   .text       
     get_unlock_ena_timer                      2830       4       4       4   .text       
- VARIABLES:
     lock_timer                                 148       4       4       5   .data       
     unlock_timer                               327       2       2       2   .bss        
MODULE:                 -- maintime.c.o --
- PROCEDURES:
     execute_list                              2834      20      32       1   .text       
     init_main_timer_interrupt                 2854       C      12       1   .text       
     main_timer_interrupt                      2860      5A      90       1   .text       
- VARIABLES:
     main_timer_counter                         329       2       2       5   .bss        
MODULE:                 -- sleep.c.o --
- PROCEDURES:
     check_sleep                               28BA      10      16       1   .text       
     sleep                                     28CA      1B      27       5   .text       
- VARIABLES:
     tick                                       32B       2       2       4   .bss        
MODULE:                 -- alphact.c.o --
- PROCEDURES:
     init_prot                                 28E5      2E      46       1   .text       
     init_frame                                2913       F      15       2   .text       
     master_restart                            2922       9       9       1   .text       
     store_dev                                 292B      19      25       1   .text       
     store_cmd                                 2944      1B      27       1   .text       
     store_numdata                             295F      25      37       1   .text       
     store_data                                2984      29      41       1   .text       
     rec_frame                                 29AD      26      38       1   .text       
     drop_frame                                29D3       F      15       7   .text       
     send_nack                                 29E2      18      24       1   .text       
     send_resp                                 29FA      18      24       1   .text       
     block_val                                 2A12      13      19       1   .text       
     toidle                                    2A25       9       9       1   .text       
     idle_ppro                                 2A2E      1C      28       1   .text       
     wait_dev_ppro                             2A4A      1E      30       1   .text       
     wait_cmd_ppro                             2A68      1E      30       1   .text       
     wait_ndata_ppro                           2A86      12      18       1   .text       
     in_data_ppro                              2A98      20      32       1   .text       
     pframe_ppro                               2AB8       C      12       1   .text       
     wait_vresp_ppro                           2AC4      17      23       1   .text       
- VARIABLES:
     ppayload                                   32D       2       2       3   .bss        
     count_data                                 32F       1       1       3   .bss        
     rframe                                     330     102     258       8   .bss        
     sum                                        432       1       1       6   .bss        
     tbet_byte                                  433       1       1       8   .bss        
     txmit1                                     434       1       1       2   .bss        
     tinactivity                                435       1       1       7   .bss        
MODULE:                 -- alphctrl.c.o --
- PROCEDURES:
- VARIABLES:
     trans_idle_prot                           5D2A      14      20       1   .rodata     
     trans_wait_dev                            5D3E      19      25       1   .rodata     
     trans_wait_cmd                            5D57      19      25       1   .rodata     
     trans_wait_numdata                        5D70      19      25       1   .rodata     
     trans_in_data                             5D89      19      25       1   .rodata     
     trans_pframe                              5DA2      19      25       1   .rodata     
     trans_wait_vresp                          5DBB      14      20       1   .rodata     
     idle_prot                                 5DCF       4       4      15   .rodata     
     wait_dev                                  5DD3       4       4       4   .rodata     
     wait_cmd                                  5DD7       4       4       3   .rodata     
     wait_numdata                              5DDB       4       4       3   .rodata     
     in_data                                   5DDF       4       4       4   .rodata     
     pframe                                    5DE3       4       4       3   .rodata     
     wait_vresp                                5DE7       4       4       3   .rodata     
MODULE:                 -- logprot.c.o --
- PROCEDURES:
     verify_operating_mcu                      2ADB      22      34      18   .text       
     send_val_frame                            2AFD      12      18       1   .text       
     verify_payload_content                    2B0F      2E      46      21   .text       
     verify_to_respond                         2B3D      36      54      15   .text       
     get_curr_val                              2B73       4       4       1   .text       
     send_nack_resp                            2B77       F      15       1   .text       
     proc_unlock                               2B86      3C      60       1   .text       
     proc_lock                                 2BC2      1D      29       1   .text       
     proc_actrl                                2BDF      48      72       1   .text       
     proc_addusr                               2C27      6B     107       1   .text       
     proc_delusr                               2C92      4E      78       1   .text       
     proc_editusr                              2CE0      B3     179       3   .text       
     proc_getusrdev                            2D93      57      87       1   .text       
     proc_setusrdev                            2DEA      58      88       1   .text       
     proc_valusr                               2E42      6D     109       1   .text       
     proc_getusrinfo                           2EAF      34      52       1   .text       
     proc_usrformat                            2EE3      2C      44       1   .text       
     proc_version                              2F0F      12      18       1   .text       
     proc_model                                2F21      1A      26       1   .text       
     proc_shutdown                             2F3B       B      11       1   .text       
     proc_gr1_status                           2F46      12      18       1   .text       
     proc_blankdfs                             2F58      31      49       1   .text       
     proc_create_file                          2F89      74     116       1   .text       
     proc_status_file                          2FFD      42      66       1   .text       
     proc_read_file                            303F      91     145       1   .text       
     proc_write_file                           30D0      3E      62       1   .text       
     proc_seek_file                            310E      52      82       1   .text       
     proc_reopen_file                          3160      3D      61       1   .text       
     proc_close_file                           319D      3D      61       1   .text       
     proc_reinit_file                          31DA      3D      61       1   .text       
     proc_get_dfs_info                         3217      38      56       1   .text       
     proc_tlock                                324F      4A      74       1   .text       
     proc_tunlock_enable                       3299      3B      59       1   .text       
     proc_rcv_cmd                              32D4      1A      26       1   .text       
     proc_dev_val                              32EE      42      66       2   .text       
     proc_dev_sbox                             3330       9       9       7   .text       
     proc_rcv_frame                            3339       D      13       1   .text       
     send_sbox_frame                           3346       E      14      17   .text       
     prepare_resp_sbox                         3354      48      72      17   .text       
     prepare_resp_val                          339C      28      40       1   .text       
     init_logprot                              33C4       D      13       1   .text       
     exec_protocol                             33D1      3D      61       2   .text       
- VARIABLES:
     pdevs                                     5DEB      12      18       1   .rodata     
     pcmds                                     5DFD      3E      62       1   .rodata     
     STRING.SW0.01.AHW0.01.1                   616E       F      15       1   .rodata1    
     xframe                                     436     106     262      13   .bss        
     in                                         53C       2       2       3   .bss        
     curr_val                                   53E       1       1       2   .bss        
     txmit0                                     53F       1       1       2   .bss        
     user0                                      540      22      34      18   .bss        
     user1                                      562      22      34       4   .bss        
     sta                                        584      16      22       2   .bss        
     read_buff.2                                59A      FB     251       5   .bss        
MODULE:                 -- mtimetbl.c.o --
- PROCEDURES:
- VARIABLES:
     actions_2                                 5E3B       6       6       1   .rodata     
     actions_20                                5E41       8       8       1   .rodata     
     actions_100                               5E49       4       4       1   .rodata     
     timer_chain                               5E4D       C      12       1   .rodata     
MODULE:                 -- platform.c.o --
- PROCEDURES:
     platform_init                             340E      15      21       1   .text       
     acknowledge_irqs                          3423       E      14       1   .text       
- VARIABLES:
MODULE:                 -- cop.c.o --
- PROCEDURES:
     cop_init                                  3431       6       6       1   .text       
- VARIABLES:
MODULE:                 -- icg.c.o --
- PROCEDURES:
     icg_init                                  3437      16      22       1   .text       
- VARIABLES:
MODULE:                 -- ioports.c.o --
- PROCEDURES:
     ports_init                                344D      9B     155       1   .text       
     loging_led                                34E8       7       7       1   .text       
- VARIABLES:
MODULE:                 -- lvd.c.o --
- PROCEDURES:
     lvd_init                                  34EF       A      10       1   .text       
- VARIABLES:
MODULE:                 -- rti.c.o --
- PROCEDURES:
     rti_handler                               34F9      23      35       1   .text       
     init_timer_hardware                       351C      49      73       1   .text       
- VARIABLES:
     irqf                                      5E59      10      16       4   .rodata     
     enable_maintime                            14C       1       1       1   .data       
     _Vector_25                                FFCC       2       2       0   .abs_section_ffcc
     mtime                                      A0E       2       2       2   .common     
MODULE:                 -- spi.c.o --
- PROCEDURES:
     spi_init                                  3565       F      15       2   .text       
     spi_xfer                                  3574      15      21       2   .text       
- VARIABLES:
MODULE:                 -- pwrhdl.c.o --
- PROCEDURES:
     get_mcu_id                                3589       B      11       2   .text       
     get_batt_lvl                              3594      66     102       4   .text       
     connect_battery                           35FA       3       3       1   .text       
     disconnect_battery                        35FD       3       3       2   .text       
     connect_bchrg                             3600       5       5       3   .text       
     disconnect_bchrg                          3605       5       5       2   .text       
     in_pwf                                    360A       8       8       1   .text       
     proc_pwrstatus_irq                        3612      14      20       1   .text       
     proc_pwrstatus_rti                        3626      1B      27       1   .text       
     set_host_pwr                              3641       A      10       1   .text       
     primary_shut_down                         364B       3       3       1   .text       
- VARIABLES:
     pwrstat_st                                 695       1       1       4   .bss        
     blvl_buff.1                                696      14      20       5   .bss        
     blvl.2                                     6AA       2       2       7   .bss        
MODULE:                 -- pwrsys.c.o --
- PROCEDURES:
     init_pwrsys                               364E      3B      59       1   .text       
     set_batt_st                               3689      12      18       2   .text       
     set_pwr_st                                369B      16      22       2   .text       
     shutdown                                  36B1       3       3       1   .text       
- VARIABLES:
     pwrsys                                     6AC       1       1      11   .bss        
MODULE:                 -- cparse.c.o --
- PROCEDURES:
     execute_parser                            36B4      96     150       2   .text       
     init_cparse                               374A       1       1       1   .text       
     do_cparse                                 374B      6B     107       1   .text       
     which_sensor                              37B6       6       6       4   .text       
     is_key_switch_open                        37BC       B      11       2   .text       
- VARIABLES:
     cpdata                                     14D      31      49       3   .data       
     qcp                                        6AD       2       2      11   .bss        
     pcp                                        6AF       2       2       3   .bss        
     p1.1                                       6B1       2       2       3   .bss        
MODULE:                 -- cpdata.c.o --
- PROCEDURES:
     nil                                       37C7       1       1       6   .text       
     inf_close                                 37C8      42      66       1   .text       
     inf_open                                  380A      44      68       1   .text       
- VARIABLES:
     sens_news                                 5E69      1C      28       2   .rodata     
     sens_tout                                 5E85      1C      28       2   .rodata     
     senspar                                   5EA1      20      32       7   .rodata     
MODULE:                 -- sensor.c.o --
- PROCEDURES:
     get_sensor                                384E      18      24       1   .text       
     init_sensors                              3866       3       3       1   .text       
     proc_sensors                              3869      1D      29       1   .text       
- VARIABLES:
     sens_mask                                 5EC1       7       7       1   .rodata     
MODULE:                 -- phylay.c.o --
- PROCEDURES:
     init_phymed                               3886       4       4       1   .text       
     set_dir_phymed                            388A       D      13       7   .text       
- VARIABLES:
MODULE:                 -- sersw.c.o --
- PROCEDURES:
     init_sersw                                3897       4       4       1   .text       
     set_sersw                                 389B       D      13       2   .text       
- VARIABLES:
MODULE:                 -- dwosact.c.o --
- PROCEDURES:
     init_dwosctrl                             38A8      1B      27       1   .text       
     lock_locker_wos                           38C3      24      36       3   .text       
     unlock_locker_wos                         38E7      50      80       1   .text       
     lked2ulked_wos                            3937      13      19       1   .text       
     lked2pulking_wos                          394A      2E      46       1   .text       
     pulking2ulked_wos                         3978      13      19       1   .text       
     pulking2ulking_wos                        398B      1C      28       1   .text       
     pulking2lked_wos                          39A7       C      12       2   .text       
     ulking2ulked_wos                          39B3      15      21       1   .text       
     ulking2lked_wos                           39C8       F      15       2   .text       
     ulked2lked_wos                            39D7      16      22       1   .text       
     ulked2lking_wos                           39ED      10      16       2   .text       
     lking2lked_wos                            39FD       E      14       1   .text       
     dwos_ppro                                 3A0B      1B      27       5   .text       
- VARIABLES:
     lockt_dwos                                 6B3       1       1       5   .bss        
     unlocke_dwos                               6B4       1       1       4   .bss        
MODULE:                 -- dwosctrl.c.o --
- PROCEDURES:
- VARIABLES:
     trans_locked_wos                          5EC8      14      20       1   .rodata     
     trans_pre_unlocking_wos                   5EDC      1E      30       1   .rodata     
     trans_unlocking_wos                       5EFA      19      25       1   .rodata     
     trans_unlocked_wos                        5F13      19      25       1   .rodata     
     trans_locking_wos                         5F2C       F      15       1   .rodata     
     locked_wos                                5F3B       4       4      10   .rodata     
     pre_unlocking_wos                         5F3F       4       4       3   .rodata     
     unlocking_wos                             5F43       4       4       3   .rodata     
     unlocked_wos                              5F47       4       4       5   .rodata     
     locking_wos                               5F4B       4       4       4   .rodata     
MODULE:                 -- dwsact.c.o --
- PROCEDURES:
     init_dwsctrl                              3A26      1B      27       1   .text       
     lock_locker_ws                            3A41      24      36       3   .text       
     unlock_locker_ws                          3A65      50      80       1   .text       
     inform_open_ws                            3AB5       6       6       5   .text       
     inform_close_ws                           3ABB       7       7       5   .text       
     lked2pulking_ws                           3AC2      2E      46       1   .text       
     lked2unlked_ws                            3AF0       E      14       1   .text       
     pulking2ulking_ws                         3AFE      1C      28       1   .text       
     pulking2lked_ws                           3B1A      12      18       2   .text       
     pulking2ulked_ws                          3B2C       E      14       1   .text       
     ulking2lked_ws                            3B3A       F      15       2   .text       
     ulking2ulked_ws                           3B49       F      15       1   .text       
     ulked2lking_ws                            3B58       F      15       2   .text       
     ulked2lked_ws                             3B67       F      15       1   .text       
     lking2lked_ws                             3B76       6       6       1   .text       
     dws_ppro                                  3B7C      1B      27       5   .text       
- VARIABLES:
     lockt_dws                                  6B5       1       1       6   .bss        
     ulocke_dws                                 6B6       1       1       4   .bss        
MODULE:                 -- dwsctrl.c.o --
- PROCEDURES:
- VARIABLES:
     trans_locked_ws                           5F4F      1E      30       1   .rodata     
     trans_pre_unlocking_ws                    5F6D      28      40       1   .rodata     
     trans_unlocking_ws                        5F95      23      35       1   .rodata     
     trans_unlocked_ws                         5FB8      23      35       1   .rodata     
     trans_locking_ws                          5FDB      19      25       1   .rodata     
     locked_ws                                 5FF4       4       4      12   .rodata     
     pre_unlocking_ws                          5FF8       4       4       5   .rodata     
     unlocking_ws                              5FFC       4       4       5   .rodata     
     unlocked_ws                               6000       4       4       7   .rodata     
     locking_ws                                6004       4       4       6   .rodata     
MODULE:                 -- lockerhdl.c.o --
- PROCEDURES:
     lock_a_ctrl                               3B97      1F      31       6   .text       
     lock_b_ctrl                               3BB6      1F      31       4   .text       
     is_unlocked                               3BD5      1A      26       6   .text       
- VARIABLES:
MODULE:                 -- MC9S08GB60.C.o --
- PROCEDURES:
- VARIABLES:
     _PTAD                                        0       1       1       3   .abs_section_0
     _PTAPE                                       1       1       1       6   .abs_section_1
     _PTASE                                       2       1       1       0   .abs_section_2
     _PTADD                                       3       1       1       8   .abs_section_3
     _PTBD                                        4       1       1      20   .abs_section_4
     _PTBPE                                       5       1       1       1   .abs_section_5
     _PTBSE                                       6       1       1       0   .abs_section_6
     _PTBDD                                       7       1       1       8   .abs_section_7
     _PTCD                                        8       1       1       2   .abs_section_8
     _PTCPE                                       9       1       1       2   .abs_section_9
     _PTCSE                                       A       1       1       0   .abs_section_a
     _PTCDD                                       B       1       1       3   .abs_section_b
     _PTDD                                        C       1       1       3   .abs_section_c
     _PTDPE                                       D       1       1       0   .abs_section_d
     _PTDSE                                       E       1       1       0   .abs_section_e
     _PTDDD                                       F       1       1       1   .abs_section_f
     _PTED                                       10       1       1      16   .abs_section_10
     _PTEPE                                      11       1       1       1   .abs_section_11
     _PTESE                                      12       1       1       0   .abs_section_12
     _PTEDD                                      13       1       1       7   .abs_section_13
     _IRQSC                                      14       1       1       9   .abs_section_14
     _KBI1SC                                     16       1       1       0   .abs_section_16
     _KBI1PE                                     17       1       1       0   .abs_section_17
     _SCI1C1                                     1A       1       1       1   .abs_section_1a
     _SCI1C2                                     1B       1       1       6   .abs_section_1b
     _SCI1S1                                     1C       1       1       5   .abs_section_1c
     _SCI1S2                                     1D       1       1       0   .abs_section_1d
     _SCI1C3                                     1E       1       1       0   .abs_section_1e
     _SCI1D                                      1F       1       1       3   .abs_section_1f
     _SCI2C1                                     22       1       1       1   .abs_section_22
     _SCI2C2                                     23       1       1       6   .abs_section_23
     _SCI2S1                                     24       1       1       4   .abs_section_24
     _SCI2S2                                     25       1       1       0   .abs_section_25
     _SCI2C3                                     26       1       1       2   .abs_section_26
     _SCI2D                                      27       1       1       3   .abs_section_27
     _SPI1C1                                     28       1       1       6   .abs_section_28
     _SPI1C2                                     29       1       1       1   .abs_section_29
     _SPI1BR                                     2A       1       1       2   .abs_section_2a
     _SPI1S                                      2B       1       1       2   .abs_section_2b
     _SPI1D                                      2D       1       1       2   .abs_section_2d
     _TPM1SC                                     30       1       1       0   .abs_section_30
     _TPM1C0SC                                   35       1       1       0   .abs_section_35
     _TPM1C1SC                                   38       1       1       0   .abs_section_38
     _TPM1C2SC                                   3B       1       1       0   .abs_section_3b
     _PTFD                                       40       1       1      26   .abs_section_40
     _PTFPE                                      41       1       1       0   .abs_section_41
     _PTFSE                                      42       1       1       0   .abs_section_42
     _PTFDD                                      43       1       1       9   .abs_section_43
     _PTGD                                       44       1       1      10   .abs_section_44
     _PTGPE                                      45       1       1       0   .abs_section_45
     _PTGSE                                      46       1       1       0   .abs_section_46
     _PTGDD                                      47       1       1       5   .abs_section_47
     _ICGC1                                      48       1       1       1   .abs_section_48
     _ICGC2                                      49       1       1       1   .abs_section_49
     _ICGS1                                      4A       1       1       1   .abs_section_4a
     _ICGS2                                      4B       1       1       0   .abs_section_4b
     _ICGTRM                                     4E       1       1       0   .abs_section_4e
     _ATD1C                                      50       1       1       5   .abs_section_50
     _ATD1SC                                     51       1       1       2   .abs_section_51
     _ATD1PE                                     54       1       1       1   .abs_section_54
     _IIC1A                                      58       1       1       0   .abs_section_58
     _IIC1F                                      59       1       1       0   .abs_section_59
     _IIC1C                                      5A       1       1       0   .abs_section_5a
     _IIC1S                                      5B       1       1       0   .abs_section_5b
     _IIC1D                                      5C       1       1       0   .abs_section_5c
     _TPM2SC                                     60       1       1       0   .abs_section_60
     _TPM2C0SC                                   65       1       1       0   .abs_section_65
     _TPM2C1SC                                   68       1       1       0   .abs_section_68
     _TPM2C2SC                                   6B       1       1       0   .abs_section_6b
     _TPM2C3SC                                   6E       1       1       0   .abs_section_6e
     _TPM2C4SC                                   71       1       1       0   .abs_section_71
     _SRS                                      1800       1       1       0   .abs_section_1800
     _SBDFR                                    1801       1       1       0   .abs_section_1801
     _SOPT                                     1802       1       1       1   .abs_section_1802
     _SRTISC                                   1808       1       1       3   .abs_section_1808
     _SPMSC1                                   1809       1       1       1   .abs_section_1809
     _SPMSC2                                   180A       1       1       1   .abs_section_180a
     _DBGCAH                                   1810       1       1       0   .abs_section_1810
     _DBGCAL                                   1811       1       1       0   .abs_section_1811
     _DBGCBH                                   1812       1       1       0   .abs_section_1812
     _DBGCBL                                   1813       1       1       0   .abs_section_1813
     _DBGC                                     1816       1       1       0   .abs_section_1816
     _DBGT                                     1817       1       1       0   .abs_section_1817
     _DBGS                                     1818       1       1       0   .abs_section_1818
     _FCDIV                                    1820       1       1       1   .abs_section_1820
     _FOPT                                     1821       1       1       0   .abs_section_1821
     _FCNFG                                    1823       1       1       0   .abs_section_1823
     _FPROT                                    1824       1       1       0   .abs_section_1824
     _FSTAT                                    1825       1       1       1   .abs_section_1825
     _FCMD                                     1826       1       1       0   .abs_section_1826
     _SCI1BD                                     18       2       2       1   .abs_section_18
     _SCI2BD                                     20       2       2       1   .abs_section_20
     _TPM1CNT                                    31       2       2       0   .abs_section_31
     _TPM1MOD                                    33       2       2       0   .abs_section_33
     _TPM1C0V                                    36       2       2       0   .abs_section_36
     _TPM1C1V                                    39       2       2       0   .abs_section_39
     _TPM1C2V                                    3C       2       2       0   .abs_section_3c
     _ICGFLT                                     4C       2       2       0   .abs_section_4c
     _ATD1R                                      52       2       2       1   .abs_section_52
     _TPM2CNT                                    61       2       2       0   .abs_section_61
     _TPM2MOD                                    63       2       2       0   .abs_section_63
     _TPM2C0V                                    66       2       2       0   .abs_section_66
     _TPM2C1V                                    69       2       2       0   .abs_section_69
     _TPM2C2V                                    6C       2       2       0   .abs_section_6c
     _TPM2C3V                                    6F       2       2       0   .abs_section_6f
     _TPM2C4V                                    72       2       2       0   .abs_section_72
     _SDID                                     1806       2       2       0   .abs_section_1806
     _DBGF                                     1814       2       2       0   .abs_section_1814
MODULE:                 -- users.c.o --
- PROCEDURES:
     set_results                               3BEF      49      73       3   .text       
     check_results                             3C38      BA     186       1   .text       
     verify_and_recover                        3CF2      84     132       1   .text       
     calculate_signature                       3D76      26      38       2   .text       
     pass_compare                              3D9C      2C      44       2   .text       
     change_user_page                          3DC8      43      67       4   .text       
     user_insert                               3E0B      2F      47       1   .text       
     user_delete                               3E3A      14      20       1   .text       
     change_password                           3E4E      4D      77       1   .text       
     set_current_user_devlist                  3E9B      16      22       1   .text       
     verify_password                           3EB1      83     131       2   .text       
     user_exists                               3F34     132     306      10   .text       
     format_page                               4066      28      40       1   .text       
     get_free_users                            408E      8A     138       1   .text       
     users_init                                4118      34      52       1   .text       
     users_format                              414C      2A      42       1   .text       
     users_add                                 4176      4A      74       1   .text       
     users_erase                               41C0      33      51       1   .text       
     users_edit                                41F3      5C      92       1   .text       
     users_validation                          424F      52      82       1   .text       
     users_get_devlist                         42A1      34      52       1   .text       
     users_set_devlist                         42D5      35      53       1   .text       
     get_user_information                      430A      32      50       1   .text       
- VARIABLES:
     user_buffer                                6B7      24      36      15   .bss        
     df                                         6DB       D      13      96   .bss        
     check_found                                6E8       2       2       2   .bss        
     pass_index                                 6EA       1       1       6   .bss        
     pass                                       6EB       4       4       2   .bss        
     recovered_count                            6EF       2       2       3   .bss        
     ok_count                                   6F1       2       2       3   .bss        
     format_count                               6F3       2       2       4   .bss        
MODULE:                 -- dataflsh.c.o --
- PROCEDURES:
     verify_page_address                       433C      4E      78       3   .text       
     verify_byte_address                       438A      89     137       2   .text       
     dataflash_classify                        4413      47      71       1   .text       
     dataflash_init                            445A       3       3       1   .text       
     dataflash_query_type                      445D      39      57       2   .text       
     dataflash_page_size                       4496       B      11       2   .text       
     dataflash_page_num                        44A1       B      11       1   .text       
     dataflash_buffer_read                     44AC      45      69       1   .text       
     dataflash_main_memory_page_to_buffer_xfer       44F1      40      64       3   .text       
     dataflash_main_memory_page_to_buffer_compare       4531      59      89       1   .text       
     dataflash_buffer_write                    458A      45      69       1   .text       
     dataflash_buffer_to_main_memory_program       45CF      5A      90       1   .text       
- VARIABLES:
MODULE:                 -- dffatal.c.o --
- PROCEDURES:
     dataflash_fatal                           4629       8       8      11   .text       
- VARIABLES:
MODULE:                 -- dfilsys.c.o --
- PROCEDURES:
     dfilesys_init                             4631      18      24       1   .text       
     dfilesys_blanking                         4649       3       3       2   .text       
     dfilesys_create_file                      464C      CF     207       1   .text       
     dfilesys_status_file                      471B      2C      44       1   .text       
     dfilesys_get_information                  4747      1B      27       1   .text       
     dfilesys_read_file                        4762      48      72       1   .text       
     dfilesys_write_file                       47AA      48      72       1   .text       
     dfilesys_seek                             47F2      52      82       1   .text       
     dfilesys_reopen_as_random                 4844      13      19       1   .text       
     dfilesys_close_as_random                  4857      13      19       1   .text       
     dfile_reinit                              486A      13      19       1   .text       
     dfilsys_object_size                       487D      15      21       1   .text       
     dfilesys_sync                             4892       3       3       2   .text       
- VARIABLES:
MODULE:                 -- dfmanage.c.o --
- PROCEDURES:
     get_next_power                            4895      2E      46       1   .text       
     program_page                              48C3      27      39       2   .text       
     copy_buffer_devices                       48EA      86     134       1   .text       
     copy_to_same                              4970      35      53       2   .text       
     copy_to_other                             49A5      37      55       1   .text       
     df_format_this_page                       49DC      5B      91       1   .text       
     calculate_checksum                        4A37      9C     156       2   .text       
     dfmanage_init                             4AD3      48      72       1   .text       
     df_copy_page                              4B1B      1C      28       3   .text       
     df_format_page                            4B37      16      22       2   .text       
     df_read_page                              4B4D      47      71       6   .text       
     df_read_data                              4B94       5       5      10   .text       
     df_write_data                             4B99       5       5       7   .text       
     df_write_page                             4B9E      36      54       4   .text       
     modify_page                               4BD4      1F      31       1   .text       
- VARIABLES:
     emergency                                  6F5       1       1       1   .bss        
MODULE:                 -- dfpwf.c.o --
- PROCEDURES:
     disable_pwf_interrupt                     4BF3       3       3       1   .text       
     enable_pwf_interrupt                      4BF6       A      10       1   .text       
     dfpwf_interrupt                           4C00       3       3       1   .text       
- VARIABLES:
MODULE:                 -- dftypes.c.o --
- PROCEDURES:
- VARIABLES:
     avail_flash                               6008      36      54       2   .rodata     
     pdflash                                    A10       4       4      13   .common     
MODULE:                 -- dfvars.c.o --
- PROCEDURES:
- VARIABLES:
     page_eff_size                              A14       2       2      24   .common     
     df_num_pages                               A16       2       2       2   .common     
     fs_num_pages                               A18       2       2       5   .common     
     num_users_per_page                         A1A       2       2       4   .common     
     emerg                                      A1C       1       1      12   .common     
     page_size                                  A1D       2       2       7   .common     
MODULE:                 -- flash.c.o --
- PROCEDURES:
     flash_compose_address                     4C03      61      97       1   .text       
     flash_flush_command                       4C64      25      37       3   .text       
     flash_init                                4C89       3       3       1   .text       
     flash_send_command                        4C8C      64     100       6   .text       
     flash_read_status                         4CF0      27      39       2   .text       
     flash_wait_ready                          4D17       A      10       3   .text       
     flash_read                                4D21      2E      46       2   .text       
     flash_write                               4D4F      2A      42       1   .text       
- VARIABLES:
     opc_actions                               603E      7E     126       3   .rodata     
     cmd_buf                                    6F6       4       4       6   .bss        
MODULE:                 -- spihal.c.o --
- PROCEDURES:
     set_memctrl                               4D79       3       3       1   .text       
     clear_memctrl                             4D7C       3       3       1   .text       
     spihal_init                               4D7F       B      11       1   .text       
     assert_cs                                 4D8A      11      17       1   .text       
     deassert_cs                               4D9B       8       8       1   .text       
     spi_select_channel                        4DA3      26      38       2   .text       
     spi_deselect_channel                      4DC9      15      21       4   .text       
     dflash_handler                            4DDE      1C      28       1   .text       
     spi_send_byte                             4DFA       B      11       2   .text       
     spi_get_byte                              4E05       8       8       2   .text       
- VARIABLES:
     relais_state                               6FA       1       1       4   .bss        
     dftimer                                    6FB       2       2       5   .bss        
MODULE:                 -- grqueue.c.o --
- PROCEDURES:
     is_empty_grqueue                          4E0D      13      19       1   .text       
     remove_grqueue                            4E20      81     129       1   .text       
     put_grqueue                               4EA1      82     130       5   .text       
- VARIABLES:
     grqueue                                    17E       8       8       4   .data       
     grq                                        6FD     120     288       3   .bss        
MODULE:                 -- irq.c.o --
- PROCEDURES:
     irq_init                                  4F23       B      11       1   .text       
     irq_handler                               4F2E       8       8       1   .text       
     is_irqpin_set                             4F36      10      16       1   .text       
     do_disable_pwf_interrupt                  4F46       3       3       2   .text       
     do_enable_pwf_interrupt                   4F49       5       5       2   .text       
- VARIABLES:
     _Vector_2                                 FFFA       2       2       0   .abs_section_fffa
MODULE:                 -- adc.c.o --
- PROCEDURES:
     adc_init                                  4F4E      11      17       1   .text       
     read_adc                                  4F5F       B      11       1   .text       
- VARIABLES:
MODULE:                 -- pwract.c.o --
- PROCEDURES:
     init_pwrctrl                              4F6A      33      51       1   .text       
     flash_sync                                4F9D       3       3       2   .text       
     ext2backup                                4FA0      11      17       2   .text       
     chrg2nchrg                                4FB1       C      12       1   .text       
     nchrg2chrg                                4FBD      12      18       1   .text       
     backup2ext                                4FCF      10      16       1   .text       
     back_bmes                                 4FDF      23      35       1   .text       
     shtdwn                                    5002       5       5       1   .text       
[...]
 |  |           |  |  |  |  |  +- kill_timer           (see above)
 |  |           |  |  |  |  |     
 |  |           |  |  |  |  +- unlocked_ws          (see above)
 |  |           |  |  |  |  |  
 |  |           |  |  |  |  +- pulking2ulked_ws    
 |  |           |  |  |  |     | 
 |  |           |  |  |  |     +- inform_locker_error  (see above)
 |  |           |  |  |  |     |  
 |  |           |  |  |  |     +- set_locker_state     (see above)
 |  |           |  |  |  |        
 |  |           |  |  |  +- dws_ppro             (see above)
 |  |           |  |  |     
 |  |           |  |  +- lked2pulking_ws     
 |  |           |  |  |  | 
 |  |           |  |  |  +- is_key_switch_open  
 |  |           |  |  |  |  | 
 |  |           |  |  |  |  +- cpdata              
 |  |           |  |  |  |     | 
 |  |           |  |  |  |     +- senspar             
 |  |           |  |  |  |        | 
 |  |           |  |  |  |        +- nil                 
 |  |           |  |  |  |        |    
 |  |           |  |  |  |        +- inf_open            
 |  |           |  |  |  |        |  | 
 |  |           |  |  |  |        |  +- which_sensor        
 |  |           |  |  |  |        |  |    
 |  |           |  |  |  |        |  +- _Jump_Table_Header_Offset (see above)
 |  |           |  |  |  |        |  |  
 |  |           |  |  |  |        |  +- set_stacker_state   
 |  |           |  |  |  |        |  |  | 
 |  |           |  |  |  |        |  |  +- put_grqueue          (see above)
 |  |           |  |  |  |        |  |     
 |  |           |  |  |  |        |  +- put_nqueue           (see above)
 |  |           |  |  |  |        |     
 |  |           |  |  |  |        +- inf_close           
 |  |           |  |  |  |           | 
 |  |           |  |  |  |           +- which_sensor         (see above)
 |  |           |  |  |  |           |  
 |  |           |  |  |  |           +- _Jump_Table_Header_Offset (see above)
 |  |           |  |  |  |           |  
 |  |           |  |  |  |           +- set_stacker_state    (see above)
 |  |           |  |  |  |           |  
 |  |           |  |  |  |           +- put_nqueue           (see above)
 |  |           |  |  |  |              
 |  |           |  |  |  +- get_unlock_ena_timer
 |  |           |  |  |  |    
 |  |           |  |  |  +- put_nqueue           (see above)
 |  |           |  |  |  |  
 |  |           |  |  |  +- set_locker_state     (see above)
 |  |           |  |  |  |  
 |  |           |  |  |  +- kick_timer           (see above)
 |  |           |  |  |     
 |  |           |  |  +- unlocked_ws          (see above)
 |  |           |  |  |  
 |  |           |  |  +- lked2unlked_ws      
 |  |           |  |     | 
 |  |           |  |     +- inform_locker_error  (see above)
 |  |           |  |     |  
 |  |           |  |     +- set_locker_state     (see above)
 |  |           |  |        
 |  |           |  +- dws_ppro             (see above)
 |  |           |     
 |  |           +- locked_wos          
 |  |           |  | 
 |  |           |  +- trans_locked_wos    
 |  |           |  |  | 
 |  |           |  |  +- unlocked_wos        
 |  |           |  |  |  | 
 |  |           |  |  |  +- trans_unlocked_wos  
 |  |           |  |  |  |  | 
 |  |           |  |  |  |  +- locked_wos           (see above)
 |  |           |  |  |  |  |  
 |  |           |  |  |  |  +- ulked2lked_wos      
 |  |           |  |  |  |  |  | 
 |  |           |  |  |  |  |  +- lock_locker_wos     
 |  |           |  |  |  |  |  |  | 
 |  |           |  |  |  |  |  |  +- disable_vlocks       (see above)
 |  |           |  |  |  |  |  |  |  
 |  |           |  |  |  |  |  |  +- lock_a_ctrl          (see above)
 |  |           |  |  |  |  |  |  |  
 |  |           |  |  |  |  |  |  +- lock_b_ctrl          (see above)
 |  |           |  |  |  |  |  |  |  
 |  |           |  |  |  |  |  |  +- is_unlocked          (see above)
 |  |           |  |  |  |  |  |  |  
 |  |           |  |  |  |  |  |  +- inform_locker_error  (see above)
 |  |           |  |  |  |  |  |     
 |  |           |  |  |  |  |  +- set_plunger_state    (see above)
 |  |           |  |  |  |  |  |  
 |  |           |  |  |  |  |  +- set_locker_state     (see above)
 |  |           |  |  |  |  |  |  
 |  |           |  |  |  |  |  +- kill_timer           (see above)
 |  |           |  |  |  |  |     
 |  |           |  |  |  |  +- locking_wos         
 |  |           |  |  |  |  |  | 
 |  |           |  |  |  |  |  +- trans_locking_wos   
 |  |           |  |  |  |  |  |  | 
 |  |           |  |  |  |  |  |  +- locked_wos           (see above)
 |  |           |  |  |  |  |  |  |  
 |  |           |  |  |  |  |  |  +- lking2lked_wos      
 |  |           |  |  |  |  |  |  |  | 
 |  |           |  |  |  |  |  |  |  +- set_plunger_state    (see above)
 |  |           |  |  |  |  |  |  |  |  
 |  |           |  |  |  |  |  |  |  +- set_locker_state     (see above)
 |  |           |  |  |  |  |  |  |     
 |  |           |  |  |  |  |  |  +- locking_wos          (see above)
 |  |           |  |  |  |  |  |     
 |  |           |  |  |  |  |  +- dwos_ppro           
 |  |           |  |  |  |  |       
 |  |           |  |  |  |  +- ulked2lking_wos     
 |  |           |  |  |  |  |  | 
 |  |           |  |  |  |  |  +- lock_locker_wos      (see above)
 |  |           |  |  |  |  |  |  
 |  |           |  |  |  |  |  +- set_locker_state     (see above)
 |  |           |  |  |  |  |  |  
 |  |           |  |  |  |  |  +- kill_timer           (see above)
 |  |           |  |  |  |  |     
 |  |           |  |  |  |  +- unlocked_wos         (see above)
 |  |           |  |  |  |     
 |  |           |  |  |  +- dwos_ppro            (see above)
 |  |           |  |  |     
 |  |           |  |  +- lked2ulked_wos      
 |  |           |  |  |  | 
 |  |           |  |  |  +- set_plunger_state    (see above)
 |  |           |  |  |  |  
 |  |           |  |  |  +- inform_locker_error  (see above)
 |  |           |  |  |  |  
 |  |           |  |  |  +- set_locker_state     (see above)
 |  |           |  |  |     
 |  |           |  |  +- pre_unlocking_wos   
 |  |           |  |  |  | 
 |  |           |  |  |  +- trans_pre_unlocking_wos
 |  |           |  |  |  |  | 
 |  |           |  |  |  |  +- unlocked_wos         (see above)
 |  |           |  |  |  |  |  
 |  |           |  |  |  |  +- pulking2ulked_wos   
 |  |           |  |  |  |  |  | 
 |  |           |  |  |  |  |  +- set_plunger_state    (see above)
 |  |           |  |  |  |  |  |  
 |  |           |  |  |  |  |  +- inform_locker_error  (see above)
 |  |           |  |  |  |  |  |  
 |  |           |  |  |  |  |  +- set_locker_state     (see above)
 |  |           |  |  |  |  |     
 |  |           |  |  |  |  +- unlocking_wos       
 |  |           |  |  |  |  |  | 
 |  |           |  |  |  |  |  +- trans_unlocking_wos 
 |  |           |  |  |  |  |  |  | 
 |  |           |  |  |  |  |  |  +- unlocked_wos         (see above)
 |  |           |  |  |  |  |  |  |  
 |  |           |  |  |  |  |  |  +- ulking2ulked_wos    
 |  |           |  |  |  |  |  |  |  | 
 |  |           |  |  |  |  |  |  |  +- set_plunger_state    (see above)
 |  |           |  |  |  |  |  |  |  |  
 |  |           |  |  |  |  |  |  |  +- set_locker_state     (see above)
 |  |           |  |  |  |  |  |  |  |  
 |  |           |  |  |  |  |  |  |  +- put_nqueue           (see above)
 |  |           |  |  |  |  |  |  |     
 |  |           |  |  |  |  |  |  +- locked_wos           (see above)
 |  |           |  |  |  |  |  |  |  
 |  |           |  |  |  |  |  |  +- ulking2lked_wos     
 |  |           |  |  |  |  |  |  |  | 
 |  |           |  |  |  |  |  |  |  +- lock_locker_wos      (see above)
 |  |           |  |  |  |  |  |  |  |  
 |  |           |  |  |  |  |  |  |  +- set_locker_state     (see above)
 |  |           |  |  |  |  |  |  |  |  
 |  |           |  |  |  |  |  |  |  +- kill_timer           (see above)
 |  |           |  |  |  |  |  |  |     
 |  |           |  |  |  |  |  |  +- unlocking_wos        (see above)
 |  |           |  |  |  |  |  |     
 |  |           |  |  |  |  |  +- dwos_ppro            (see above)
 |  |           |  |  |  |  |     
 |  |           |  |  |  |  +- pulking2ulking_wos  
 |  |           |  |  |  |  |  | 
 |  |           |  |  |  |  |  +- unlock_locker_wos   
 |  |           |  |  |  |  |  |  | 
 |  |           |  |  |  |  |  |  +- enable_vlocks        (see above)
 |  |           |  |  |  |  |  |  |  
 |  |           |  |  |  |  |  |  +- lock_a_ctrl          (see above)
 |  |           |  |  |  |  |  |  |  
 |  |           |  |  |  |  |  |  +- lock_b_ctrl          (see above)
 |  |           |  |  |  |  |  |  |  
 |  |           |  |  |  |  |  |  +- is_unlocked          (see above)
 |  |           |  |  |  |  |  |  |  
 |  |           |  |  |  |  |  |  +- put_nqueue           (see above)
 |  |           |  |  |  |  |  |  |  
 |  |           |  |  |  |  |  |  +- inform_locker_error  (see above)
 |  |           |  |  |  |  |  |     
 |  |           |  |  |  |  |  +- kill_timer           (see above)
 |  |           |  |  |  |  |  |  
 |  |           |  |  |  |  |  +- get_tlock_timer      (see above)
 |  |           |  |  |  |  |  |  
 |  |           |  |  |  |  |  +- kick_timer           (see above)
 |  |           |  |  |  |  |     
 |  |           |  |  |  |  +- locked_wos           (see above)
 |  |           |  |  |  |  |  
 |  |           |  |  |  |  +- pulking2lked_wos    
 |  |           |  |  |  |  |  | 
 |  |           |  |  |  |  |  +- set_locker_state     (see above)
 |  |           |  |  |  |  |  |  
 |  |           |  |  |  |  |  +- kill_timer           (see above)
 |  |           |  |  |  |  |     
 |  |           |  |  |  |  +- pre_unlocking_wos    (see above)
 |  |           |  |  |  |     
 |  |           |  |  |  +- dwos_ppro            (see above)
 |  |           |  |  |     
 |  |           |  |  +- lked2pulking_wos    
 |  |           |  |  |  | 
 |  |           |  |  |  +- is_key_switch_open   (see above)
 |  |           |  |  |  |  
 |  |           |  |  |  +- get_unlock_ena_timer (see above)
 |  |           |  |  |  |  
 |  |           |  |  |  +- put_nqueue           (see above)
 |  |           |  |  |  |  
 |  |           |  |  |  +- set_locker_state     (see above)
 |  |           |  |  |  |  
 |  |           |  |  |  +- kick_timer           (see above)
 |  |           |  |  |     
 |  |           |  |  +- locked_wos           (see above)
 |  |           |  |     
 |  |           |  +- dwos_ppro            (see above)
 |  |           |     
 |  |           +- extchrg             
 |  |           |  | 
 |  |           |  +- trans_extchrg       
 |  |           |  |  | 
 |  |           |  |  +- backup              
 |  |           |  |  |  | 
 |  |           |  |  |  +- trans_backup        
 |  |           |  |  |  |  | 
 |  |           |  |  |  |  +- extchrg              (see above)
 |  |           |  |  |  |  |  
 |  |           |  |  |  |  +- backup2ext          
 |  |           |  |  |  |  |  | 
 |  |           |  |  |  |  |  +- set_pwr_st          
 |  |           |  |  |  |  |  |  | 
 |  |           |  |  |  |  |  |  +- set_safebox_st       (see above)
 |  |           |  |  |  |  |  |     
 |  |           |  |  |  |  |  +- connect_bchrg       
 |  |           |  |  |  |  |  |    
 |  |           |  |  |  |  |  +- kick_timer           (see above)
 |  |           |  |  |  |  |     
 |  |           |  |  |  |  +- backup               (see above)
 |  |           |  |  |  |  |  
 |  |           |  |  |  |  +- back_bmes           
 |  |           |  |  |  |  |  | 
 |  |           |  |  |  |  |  +- get_batt_lvl         (see above)
 |  |           |  |  |  |  |  |  
 |  |           |  |  |  |  |  +- set_batt_st         
 |  |           |  |  |  |  |  |  | 
 |  |           |  |  |  |  |  |  +- set_safebox_st       (see above)
 |  |           |  |  |  |  |  |     
 |  |           |  |  |  |  |  +- kick_timer           (see above)
 |  |           |  |  |  |  |  |  
 |  |           |  |  |  |  |  +- put_nqueue           (see above)
 |  |           |  |  |  |  |     
 |  |           |  |  |  |  +- shtdwn              
 |  |           |  |  |  |     | 
 |  |           |  |  |  |     +- disconnect_battery   (see above)
 |  |           |  |  |  |        
 |  |           |  |  |  +- pwrctrl_ppro        
 |  |           |  |  |       
 |  |           |  |  +- ext2backup          
 |  |           |  |  |  | 
 |  |           |  |  |  +- set_pwr_st           (see above)
 |  |           |  |  |  |  
 |  |           |  |  |  +- disconnect_bchrg    
 |  |           |  |  |  |    
 |  |           |  |  |  +- kick_timer           (see above)
 |  |           |  |  |     
 |  |           |  |  +- extnotchrg          
 |  |           |  |  |  | 
 |  |           |  |  |  +- trans_extnotchrg    
 |  |           |  |  |  |  | 
 |  |           |  |  |  |  +- backup               (see above)
 |  |           |  |  |  |  |  
 |  |           |  |  |  |  +- ext2backup           (see above)
 |  |           |  |  |  |  |  
 |  |           |  |  |  |  +- extchrg              (see above)
 |  |           |  |  |  |  |  
 |  |           |  |  |  |  +- nchrg2chrg          
 |  |           |  |  |  |  |  | 
 |  |           |  |  |  |  |  +- get_batt_lvl         (see above)
 |  |           |  |  |  |  |  |  
 |  |           |  |  |  |  |  +- set_batt_st          (see above)
 |  |           |  |  |  |  |  |  
 |  |           |  |  |  |  |  +- connect_bchrg        (see above)
 |  |           |  |  |  |  |  |  
 |  |           |  |  |  |  |  +- kick_timer           (see above)
 |  |           |  |  |  |  |     
 |  |           |  |  |  |  +- extnotchrg           (see above)
 |  |           |  |  |  |  |  
 |  |           |  |  |  |  +- flash_sync          
 |  |           |  |  |  |     | 
 |  |           |  |  |  |     +- dfilesys_sync       
 |  |           |  |  |  |        | 
 |  |           |  |  |  |        +- flush_page_in_buffer (see above)
 |  |           |  |  |  |           
 |  |           |  |  |  +- pwrctrl_ppro         (see above)
 |  |           |  |  |     
 |  |           |  |  +- chrg2nchrg          
 |  |           |  |  |  | 
 |  |           |  |  |  +- disconnect_bchrg     (see above)
 |  |           |  |  |  |  
 |  |           |  |  |  +- kick_timer           (see above)
 |  |           |  |  |     
 |  |           |  |  +- extchrg              (see above)
 |  |           |  |  |  
 |  |           |  |  +- flash_sync           (see above)
 |  |           |  |     
 |  |           |  +- pwrctrl_ppro         (see above)
 |  |           |     
 |  |           +- init_val            
 |  |           |    
 |  |           +- init_dwsctrl        
 |  |           |  | 
 |  |           |  +- assign_timer         (see above)
 |  |           |     
 |  |           +- init_dwosctrl       
 |  |           |  | 
 |  |           |  +- assign_timer         (see above)
 |  |           |     
 |  |           +- init_pwrctrl        
 |  |              | 
 |  |              +- assign_timer         (see above)
 |  |              |  
 |  |              +- kick_timer           (see above)
 |  |              |  
 |  |              +- connect_bchrg        (see above)
 |  |                 
 |  +- exec_protocol       
 |  |  | 
 |  |  +- exec_mparser        
 |  |  |  | 
 |  |  |  +- do_mparse           
 |  |  |     | 
 |  |  |     +- mparsers             (see above)
 |  |  |     |  
 |  |  |     +- _CALL_STAR08         (see above)
 |  |  |        
 |  |  +- get_char            
 |  |     | 
 |  |     +- remove_gsqueue      
 |  |        | 
 |  |        +- is_empty_gsqueue    
 |  |        |  | 
 |  |        |  +- sem_disable          (see above)
 |  |        |  |  
 |  |        |  +- sem_enable           (see above)
 |  |        |  |  
 |  |        |  +- _PUSH_CC             (see above)
 |  |        |  |  
 |  |        |  +- _POP_CC              (see above)
 |  |        |     
 |  |        +- sem_disable          (see above)
 |  |        |  
 |  |        +- _ICMP                (see above)
 |  |        |  
 |  |        +- sem_enable           (see above)
 |  |           
 |  +- dispatcher          
 |  |  | 
 |  |  +- exec_mparser         (see above)
 |  |  |  
 |  |  +- remove_nqueue       
 |  |     | 
 |  |     +- is_empty_nqueue     
 |  |     |  | 
 |  |     |  +- _PUSH_CC             (see above)
 |  |     |  |  
 |  |     |  +- _POP_CC              (see above)
 |  |     |     
 |  |     +- sem_disable          (see above)
 |  |     |  
 |  |     +- _ICMP                (see above)
 |  |     |  
 |  |     +- sem_enable           (see above)
 |  |        
 |  +- kick_watchdog        (see above)
 |     
 +- _Startup            
    | 
    +- Init                
    |  | 
    |  +- loadByte            
    |       
    +- main                 (see above)
       
 _Vector_17          
 | 
 +- host_rcv_isr        
    | 
    +- put_gsqueue         
       | 
       +- sem_disable          (see above)
       |  
       +- sem_enable           (see above)
       |  
       +- _ICMP                (see above)
          
 _Vector_20          
 | 
 +- val_rcv_isr         
    | 
    +- put_gsqueue          (see above)
       
 _Vector_25          
 | 
 +- rti_handler         
    | 
    +- main_timer_interrupt
    |  | 
    |  +- timer_chain         
    |  |  | 
    |  |  +- actions_2           
    |  |  |  | 
    |  |  |  +- check_watchdog      
    |  |  |  |  | 
    |  |  |  |  +- reset_now            (see above)
    |  |  |  |     
    |  |  |  +- check_sleep         
    |  |  |       
    |  |  +- actions_20          
    |  |  |  | 
    |  |  |  +- proc_sensors        
    |  |  |  |  | 
    |  |  |  |  +- get_sensor          
    |  |  |  |  |    
    |  |  |  |  +- do_cparse           
    |  |  |  |     | 
    |  |  |  |     +- cpdata               (see above)
    |  |  |  |     |  
    |  |  |  |     +- execute_parser      
    |  |  |  |          
    |  |  |  +- handler_timers      
    |  |  |  |  | 
    |  |  |  |  +- _IDIVS_STAR08        (see above)
    |  |  |  |  |  
    |  |  |  |  +- put_nqueue           (see above)
    |  |  |  |     
    |  |  |  +- proc_wouts          
    |  |  |       
    |  |  +- actions_100         
    |  |     | 
    |  |     +- proc_pwrstatus_rti  
    |  |        | 
    |  |        +- is_irqpin_set       
    |  |        |    
    |  |        +- do_enable_pwf_interrupt (see above)
    |  |        |  
    |  |        +- put_nqueue           (see above)
    |  |           
    |  +- _IMODU_STAR08       
    |  |  | 
    |  |  +- _IDIVMOD             (see above)
    |  |     
    |  +- execute_list        
    |       
    +- dflash_handler      
       | 
       +- clear_memctrl       
            
 _Vector_2           
 | 
 +- irq_handler         
    | 
    +- proc_pwrstatus_irq  
       | 
       +- dfpwf_interrupt     
       |  | 
       |  +- dfilesys_sync        (see above)
       |     
       +- do_disable_pwf_interrupt (see above)
       |  
       +- put_nqueue           (see above)
          
*********************************************************************************************
STATISTIC SECTION
---------------------------------------------------------------------------------------------

ExeFile:
--------
Number of blocks to be downloaded: 10
Total size of all blocks to be downloaded: 18934

