
PROGRAM "F:\CIM 00.13.01\CIM User Code\bin\Project.abs"

*********************************************************************************************
TARGET SECTION
---------------------------------------------------------------------------------------------
Processor   : Freescale HC08
Memory Model: SMALL
File Format : ELF\DWARF 2.0
Linker      : SmartLinker V-5.0.30 Build 7134, May 15 2007

*********************************************************************************************
FILE SECTION
---------------------------------------------------------------------------------------------
RTSHC08.C.o (ansiis.lib)                Model: SMALL,         Lang: ANSI-C
STRING.C.o (ansiis.lib)                 Model: SMALL,         Lang: ANSI-C
Start08.c.o                             Model: SMALL,         Lang: ANSI-C
main.c.o                                Model: SMALL,         Lang: ANSI-C
sci.c.o                                 Model: SMALL,         Lang: ANSI-C
scibrtbl.c.o                            Model: SMALL,         Lang: ANSI-C
serial.c.o                              Model: SMALL,         Lang: ANSI-C
serlog.c.o                              Model: SMALL,         Lang: ANSI-C
sertable.c.o                            Model: SMALL,         Lang: ANSI-C
sloghost.c.o                            Model: SMALL,         Lang: ANSI-C
slogval.c.o                             Model: SMALL,         Lang: ANSI-C
drivers.c.o                             Model: SMALL,         Lang: ANSI-C
gsqueue.c.o                             Model: SMALL,         Lang: ANSI-C
qdata.c.o                               Model: SMALL,         Lang: ANSI-C
stimers.c.o                             Model: SMALL,         Lang: ANSI-C
watchdog.c.o                            Model: SMALL,         Lang: ANSI-C
wouts.c.o                               Model: SMALL,         Lang: ANSI-C
initsys.c.o                             Model: SMALL,         Lang: ANSI-C
valact.c.o                              Model: SMALL,         Lang: ANSI-C
valctrl.c.o                             Model: SMALL,         Lang: ANSI-C
dispatch.c.o                            Model: SMALL,         Lang: ANSI-C
mparser.c.o                             Model: SMALL,         Lang: ANSI-C
mpdata.c.o                              Model: SMALL,         Lang: ANSI-C
news.c.o                                Model: SMALL,         Lang: ANSI-C
nqdata.c.o                              Model: SMALL,         Lang: ANSI-C
nqueue.c.o                              Model: SMALL,         Lang: ANSI-C
utils.c.o                               Model: SMALL,         Lang: ANSI-C
alarm.c.o                               Model: SMALL,         Lang: ANSI-C
drverr.c.o                              Model: SMALL,         Lang: ANSI-C
enaint.c.o                              Model: SMALL,         Lang: ANSI-C
lowint.c.o                              Model: SMALL,         Lang: ANSI-C
grstatus.c.o                            Model: SMALL,         Lang: ANSI-C
locker.c.o                              Model: SMALL,         Lang: ANSI-C
maintime.c.o                            Model: SMALL,         Lang: ANSI-C
sleep.c.o                               Model: SMALL,         Lang: ANSI-C
alphact.c.o                             Model: SMALL,         Lang: ANSI-C
alphctrl.c.o                            Model: SMALL,         Lang: ANSI-C
logprot.c.o                             Model: SMALL,         Lang: ANSI-C
mtimetbl.c.o                            Model: SMALL,         Lang: ANSI-C
platform.c.o                            Model: SMALL,         Lang: ANSI-C
cop.c.o                                 Model: SMALL,         Lang: ANSI-C
icg.c.o                                 Model: SMALL,         Lang: ANSI-C
ioports.c.o                             Model: SMALL,         Lang: ANSI-C
lvd.c.o                                 Model: SMALL,         Lang: ANSI-C
rti.c.o                                 Model: SMALL,         Lang: ANSI-C
spi.c.o                                 Model: SMALL,         Lang: ANSI-C
pwrhdl.c.o                              Model: SMALL,         Lang: ANSI-C
pwrsys.c.o                              Model: SMALL,         Lang: ANSI-C
cparse.c.o                              Model: SMALL,         Lang: ANSI-C
cpdata.c.o                              Model: SMALL,         Lang: ANSI-C
sensor.c.o                              Model: SMALL,         Lang: ANSI-C
phylay.c.o                              Model: SMALL,         Lang: ANSI-C
sersw.c.o                               Model: SMALL,         Lang: ANSI-C
dwosact.c.o                             Model: SMALL,         Lang: ANSI-C
dwosctrl.c.o                            Model: SMALL,         Lang: ANSI-C
dwsact.c.o                              Model: SMALL,         Lang: ANSI-C
dwsctrl.c.o                             Model: SMALL,         Lang: ANSI-C
lockerhdl.c.o                           Model: SMALL,         Lang: ANSI-C
MC9S08GB60.C.o                          Model: SMALL,         Lang: ANSI-C
users.c.o                               Model: SMALL,         Lang: ANSI-C
dataflsh.c.o                            Model: SMALL,         Lang: ANSI-C
dffatal.c.o                             Model: SMALL,         Lang: ANSI-C
dfilsys.c.o                             Model: SMALL,         Lang: ANSI-C
dfmanage.c.o                            Model: SMALL,         Lang: ANSI-C
dfpwf.c.o                               Model: SMALL,         Lang: ANSI-C
dftypes.c.o                             Model: SMALL,         Lang: ANSI-C
dfvars.c.o                              Model: SMALL,         Lang: ANSI-C
flash.c.o                               Model: SMALL,         Lang: ANSI-C
spihal.c.o                              Model: SMALL,         Lang: ANSI-C
grqueue.c.o                             Model: SMALL,         Lang: ANSI-C
irq.c.o                                 Model: SMALL,         Lang: ANSI-C
adc.c.o                                 Model: SMALL,         Lang: ANSI-C
pwract.c.o                              Model: SMALL,         Lang: ANSI-C
pwrctrl.c.o                             Model: SMALL,         Lang: ANSI-C
faccess.c.o                             Model: SMALL,         Lang: ANSI-C
valconf.c.o                             Model: SMALL,         Lang: ANSI-C
dfrefrsh.c.o                            Model: SMALL,         Lang: ANSI-C
settings.c.o                            Model: SMALL,         Lang: ANSI-C
reset.c.o                               Model: SMALL,         Lang: ANSI-C
stack.c.o                               Model: SMALL,         Lang: ANSI-C

*********************************************************************************************
STARTUP SECTION
---------------------------------------------------------------------------------------------
Entry point: 0x18C7 (_Startup)
_startupData is allocated at 0x18D0 and uses 6 Bytes
extern struct _tagStartup {
  unsigned nofZeroOut     1
  _Range   pZeroOut       0x100     3407
  _Copy    *toCopyDownBeg 0x76E2
} _startupData;

*********************************************************************************************
SECTION-ALLOCATION SECTION
Section Name                    Size  Type     From       To       Segment
---------------------------------------------------------------------------------------------
.data                            155   R/W      0x100      0x19A   RAM
.text                          22570     R     0x18DE     0x7107   ROM
.rodata                         1418     R     0x7108     0x7691   ROM
.rodata1                          80     R     0x7692     0x76E1   ROM
BOOTROM                           18     R     0x182C     0x183D   BOOT_ROM
.abs_section_ffdc                  2     R     0xFFDC     0xFFDD   .absSeg0
.abs_section_ffd8                  2     R     0xFFD8     0xFFD9   .absSeg1
.abs_section_ffd6                  2     R     0xFFD6     0xFFD7   .absSeg2
.abs_section_ffcc                  2     R     0xFFCC     0xFFCD   .absSeg3
.abs_section_0                     1   N/I        0x0        0x0   .absSeg4
.abs_section_1                     1   N/I        0x1        0x1   .absSeg5
.abs_section_2                     1   N/I        0x2        0x2   .absSeg6
.abs_section_3                     1   N/I        0x3        0x3   .absSeg7
.abs_section_4                     1   N/I        0x4        0x4   .absSeg8
.abs_section_5                     1   N/I        0x5        0x5   .absSeg9
.abs_section_6                     1   N/I        0x6        0x6   .absSeg10
.abs_section_7                     1   N/I        0x7        0x7   .absSeg11
.abs_section_8                     1   N/I        0x8        0x8   .absSeg12
.abs_section_9                     1   N/I        0x9        0x9   .absSeg13
.abs_section_a                     1   N/I        0xA        0xA   .absSeg14
.abs_section_b                     1   N/I        0xB        0xB   .absSeg15
.abs_section_c                     1   N/I        0xC        0xC   .absSeg16
.abs_section_d                     1   N/I        0xD        0xD   .absSeg17
.abs_section_e                     1   N/I        0xE        0xE   .absSeg18
.abs_section_f                     1   N/I        0xF        0xF   .absSeg19
.abs_section_10                    1   N/I       0x10       0x10   .absSeg20
.abs_section_11                    1   N/I       0x11       0x11   .absSeg21
.abs_section_12                    1   N/I       0x12       0x12   .absSeg22
.abs_section_13                    1   N/I       0x13       0x13   .absSeg23
.abs_section_14                    1   N/I       0x14       0x14   .absSeg24
.abs_section_16                    1   N/I       0x16       0x16   .absSeg25
.abs_section_17                    1   N/I       0x17       0x17   .absSeg26
.abs_section_1a                    1   N/I       0x1A       0x1A   .absSeg27
.abs_section_1b                    1   N/I       0x1B       0x1B   .absSeg28
.abs_section_1c                    1   N/I       0x1C       0x1C   .absSeg29
.abs_section_1d                    1   N/I       0x1D       0x1D   .absSeg30
.abs_section_1e                    1   N/I       0x1E       0x1E   .absSeg31
.abs_section_1f                    1   N/I       0x1F       0x1F   .absSeg32
.abs_section_22                    1   N/I       0x22       0x22   .absSeg33
.abs_section_23                    1   N/I       0x23       0x23   .absSeg34
.abs_section_24                    1   N/I       0x24       0x24   .absSeg35
.abs_section_25                    1   N/I       0x25       0x25   .absSeg36
.abs_section_26                    1   N/I       0x26       0x26   .absSeg37
.abs_section_27                    1   N/I       0x27       0x27   .absSeg38
.abs_section_28                    1   N/I       0x28       0x28   .absSeg39
.abs_section_29                    1   N/I       0x29       0x29   .absSeg40
.abs_section_2a                    1   N/I       0x2A       0x2A   .absSeg41
.abs_section_2b                    1   N/I       0x2B       0x2B   .absSeg42
.abs_section_2d                    1   N/I       0x2D       0x2D   .absSeg43
.abs_section_30                    1   N/I       0x30       0x30   .absSeg44
.abs_section_35                    1   N/I       0x35       0x35   .absSeg45
.abs_section_38                    1   N/I       0x38       0x38   .absSeg46
.abs_section_3b                    1   N/I       0x3B       0x3B   .absSeg47
.abs_section_40                    1   N/I       0x40       0x40   .absSeg48
.abs_section_41                    1   N/I       0x41       0x41   .absSeg49
.abs_section_42                    1   N/I       0x42       0x42   .absSeg50
.abs_section_43                    1   N/I       0x43       0x43   .absSeg51
.abs_section_44                    1   N/I       0x44       0x44   .absSeg52
.abs_section_45                    1   N/I       0x45       0x45   .absSeg53
.abs_section_46                    1   N/I       0x46       0x46   .absSeg54
.abs_section_47                    1   N/I       0x47       0x47   .absSeg55
.abs_section_48                    1   N/I       0x48       0x48   .absSeg56
.abs_section_49                    1   N/I       0x49       0x49   .absSeg57
.abs_section_4a                    1   N/I       0x4A       0x4A   .absSeg58
.abs_section_4b                    1   N/I       0x4B       0x4B   .absSeg59
.abs_section_4e                    1   N/I       0x4E       0x4E   .absSeg60
.abs_section_50                    1   N/I       0x50       0x50   .absSeg61
.abs_section_51                    1   N/I       0x51       0x51   .absSeg62
.abs_section_54                    1   N/I       0x54       0x54   .absSeg63
.abs_section_58                    1   N/I       0x58       0x58   .absSeg64
.abs_section_59                    1   N/I       0x59       0x59   .absSeg65
.abs_section_5a                    1   N/I       0x5A       0x5A   .absSeg66
.abs_section_5b                    1   N/I       0x5B       0x5B   .absSeg67
.abs_section_5c                    1   N/I       0x5C       0x5C   .absSeg68
.abs_section_60                    1   N/I       0x60       0x60   .absSeg69
.abs_section_65                    1   N/I       0x65       0x65   .absSeg70
.abs_section_68                    1   N/I       0x68       0x68   .absSeg71
.abs_section_6b                    1   N/I       0x6B       0x6B   .absSeg72
.abs_section_6e                    1   N/I       0x6E       0x6E   .absSeg73
.abs_section_71                    1   N/I       0x71       0x71   .absSeg74
.abs_section_1800                  1   N/I     0x1800     0x1800   .absSeg75
.abs_section_1801                  1   N/I     0x1801     0x1801   .absSeg76
.abs_section_1802                  1   N/I     0x1802     0x1802   .absSeg77
.abs_section_1808                  1   N/I     0x1808     0x1808   .absSeg78
.abs_section_1809                  1   N/I     0x1809     0x1809   .absSeg79
.abs_section_180a                  1   N/I     0x180A     0x180A   .absSeg80
.abs_section_1810                  1   N/I     0x1810     0x1810   .absSeg81
.abs_section_1811                  1   N/I     0x1811     0x1811   .absSeg82
.abs_section_1812                  1   N/I     0x1812     0x1812   .absSeg83
.abs_section_1813                  1   N/I     0x1813     0x1813   .absSeg84
.abs_section_1816                  1   N/I     0x1816     0x1816   .absSeg85
.abs_section_1817                  1   N/I     0x1817     0x1817   .absSeg86
.abs_section_1818                  1   N/I     0x1818     0x1818   .absSeg87
.abs_section_1820                  1   N/I     0x1820     0x1820   .absSeg88
.abs_section_1821                  1   N/I     0x1821     0x1821   .absSeg89
.abs_section_1823                  1   N/I     0x1823     0x1823   .absSeg90
.abs_section_1824                  1   N/I     0x1824     0x1824   .absSeg91
.abs_section_1825                  1   N/I     0x1825     0x1825   .absSeg92
.abs_section_1826                  1   N/I     0x1826     0x1826   .absSeg93
.abs_section_18                    2   N/I       0x18       0x19   .absSeg94
.abs_section_20                    2   N/I       0x20       0x21   .absSeg95
.abs_section_31                    2   N/I       0x31       0x32   .absSeg96
.abs_section_33                    2   N/I       0x33       0x34   .absSeg97
.abs_section_36                    2   N/I       0x36       0x37   .absSeg98
.abs_section_39                    2   N/I       0x39       0x3A   .absSeg99
.abs_section_3c                    2   N/I       0x3C       0x3D   .absSeg100
.abs_section_4c                    2   N/I       0x4C       0x4D   .absSeg101
.abs_section_52                    2   N/I       0x52       0x53   .absSeg102
.abs_section_61                    2   N/I       0x61       0x62   .absSeg103
.abs_section_63                    2   N/I       0x63       0x64   .absSeg104
.abs_section_66                    2   N/I       0x66       0x67   .absSeg105
.abs_section_69                    2   N/I       0x69       0x6A   .absSeg106
.abs_section_6c                    2   N/I       0x6C       0x6D   .absSeg107
.abs_section_6f                    2   N/I       0x6F       0x70   .absSeg108
.abs_section_72                    2   N/I       0x72       0x73   .absSeg109
.abs_section_1806                  2   N/I     0x1806     0x1807   .absSeg110
.abs_section_1814                  2   N/I     0x1814     0x1815   .absSeg111
.abs_section_fffa                  2     R     0xFFFA     0xFFFB   .absSeg112
.bss                            1423   R/W      0x19B      0x729   RAM
.startData                        14     R     0x18D0     0x18DD   ROM
.init                            132     R     0x184C     0x18CF   ROM
.common                         1829   R/W      0x72A      0xE4E   RAM
.stack                           256   R/W      0xE4F      0xF4E   RAM
.copy                            161     R     0x76E2     0x7782   ROM
.vectSeg113_vect                   2     R     0xFFFE     0xFFFF   .vectSeg113

Summary of section sizes per section type:
READ_ONLY (R):        5F55 (dec:    24405)
READ_WRITE (R/W):      E4F (dec:     3663)
NO_INIT (N/I):          7E (dec:      126)

*********************************************************************************************
VECTOR-ALLOCATION SECTION
    Address     InitValue   InitFunction
---------------------------------------------------------------------------------------------
     0xFFFE        0x18C7   _Startup

*********************************************************************************************
OBJECT-ALLOCATION SECTION
     Name               Module                 Addr   hSize   dSize     Ref    Section   RLIB
---------------------------------------------------------------------------------------------
MODULE:                 -- RTSHC08.C.o (ansiis.lib) --
- PROCEDURES:
     _PUSH_ARGS_L                              18DE      20      32       2   .text       
     _ENTER_UNARY_L                            18FE      29      41       3   .text       
     _ENTER_BINARY_L                           1927      16      22       7   .text       
     _ENTER_BINARY_L_RC                        193D      19      25       1   .text       
     _IDIVMOD                                  1956      69     105       3   .text       
     _SPLITSIGN                                19BF      1C      28       1   .text       
     _LADD_k_is_k_plus_j                       19DB      1F      31       1   .text       
     _k_is_k_plus_j_l                          19FA      1E      30       2   .text       
     _k_is_k_plus_j_i                          1A18      12      18       3   .text       
     _LSUB_k_is_k_minus_j                      1A2A      1F      31       1   .text       
     _LOR_k_is_k_or_j                          1A49      1F      31       1   .text       
     _LMUL_k_is_k_mul_j                        1A68      81     129       1   .text       
     _LDIVMOD                                  1AE9      A4     164       2   .text       
     _LMODU_k_is_k_mod_j                       1B8D       B      11       1   .text       
     _LDIVU_k_is_k_div_j                       1B98      17      23       1   .text       
     _LCMP_k_rel_j                             1BAF      1F      31       2   .text       
     _IMUL_STAR08                              1BCE      27      39       8   .text       
     _IDIVS_STAR08                             1BF5      1B      27       5   .text       
     _IDIVU_STAR08                             1C10       D      13       1   .text       
     _IMODU_STAR08                             1C1D      10      16       1   .text       
     _ILSL                                     1C2D       C      12       1   .text       
     _ICMP                                     1C39      16      22      12   .text       
     _LINC                                     1C4F      16      22       6   .text       
     _LDEC                                     1C65      1C      28       1   .text       
     _LADD                                     1C81       6       6       4   .text       
     _LSUB                                     1C87       6       6       3   .text       
     _LOR                                      1C8D       6       6       1   .text       
     _LMUL                                     1C93       6       6       7   .text       
     _LDIVU                                    1C99       6       6       7   .text       
     _LMODU                                    1C9F       6       6       3   .text       
     _LLSL                                     1CA5      16      22       1   .text       
     _LCMP                                     1CBB       6       6      10   .text       
     _LCMP_RC                                  1CC1       6       6       7   .text       
     _COPY                                     1CC7      30      48      24   .text       
     _POP32                                    1CF7      1A      26      19   .text       
     _STORE32                                  1D11      16      22       3   .text       
     _SEXT8_32                                 1D27      10      16       1   .text       
     _SEXT16_32                                1D37       D      13       1   .text       
     _CALL_STAR08                              1D44      20      32       4   .text       
     _Jump_Table_Header_Offset                 1D64      24      36       6   .text       
     _PUSH_CC                                  1D88       F      15       6   .text       
     _POP_CC                                   1D97       F      15       6   .text       
- VARIABLES:
MODULE:                 -- STRING.C.o (ansiis.lib) --
- PROCEDURES:
     memcmp                                    1DA6      56      86       2   .text       
     memcpy                                    1DFC      3D      61      26   .text       
     memset                                    1E39      30      48       5   .text       
- VARIABLES:
MODULE:                 -- Start08.c.o --
- PROCEDURES:
     loadByte                                  184C       E      14       5   .init       
     Init                                      185A      6D     109       1   .init       
     _Startup                                  18C7       9       9       0   .init       
- VARIABLES:
     _startupData                              18D0       6       6       4   .startData  
- LABELS:
     __SEG_END_SSTACK                           F4F       0       0       1               
MODULE:                 -- main.c.o --
- PROCEDURES:
     main                                      1E69      14      20       1   .text       
- VARIABLES:
MODULE:                 -- sci.c.o --
- PROCEDURES:
     host_sci1_init                            1E7D      60      96       1   .text       
     val_sci2_init                             1EDD      63      99       1   .text       
     host_sci1_sendchar                        1F40      13      19       1   .text       
     val_sci2_sendchar                         1F53       D      13       1   .text       
     host_rcv_isr                              1F60      17      23       1   .text       
     val_err_isr                               1F77      24      36       1   .text       
     val_rcv_isr                               1F9B      13      19       1   .text       
     disable_rcv_interrupt                     1FAE       C      12       1   .text       
     enable_rcv_interrupt                      1FBA      2F      47       1   .text       
- VARIABLES:
     _Vector_17                                FFDC       2       2       0   .abs_section_ffdc
     _Vector_19                                FFD8       2       2       0   .abs_section_ffd8
     _Vector_20                                FFD6       2       2       0   .abs_section_ffd6
MODULE:                 -- scibrtbl.c.o --
- PROCEDURES:
- VARIABLES:
     sci_br_tbl                                7108      12      18       4   .rodata     
MODULE:                 -- serial.c.o --
- PROCEDURES:
     serial_init                               1FE9      1B      27       2   .text       
     put_nchar                                 2004      3E      62       2   .text       
     get_char                                  2042       3       3       1   .text       
- VARIABLES:
MODULE:                 -- serlog.c.o --
- PROCEDURES:
     init_serlog                               2045      10      16       2   .text       
     serlog_sendchar                           2055      12      18       1   .text       
- VARIABLES:
MODULE:                 -- sertable.c.o --
- PROCEDURES:
- VARIABLES:
     serial_default                            711A       6       6       2   .rodata     
     hostrx_queue                               72A      80     128       3   .common     
     valrx_queue                                7AA      40      64       3   .common     
MODULE:                 -- sloghost.c.o --
- PROCEDURES:
     host_init                                 2067       3       3       1   .text       
     host_sendchar                             206A       3       3       1   .text       
- VARIABLES:
MODULE:                 -- slogval.c.o --
- PROCEDURES:
     val_init                                  206D       3       3       1   .text       
     val_sendchar                              2070       3       3       1   .text       
- VARIABLES:
MODULE:                 -- drivers.c.o --
- PROCEDURES:
     drivers_init                              2073      33      51       1   .text       
- VARIABLES:
MODULE:                 -- gsqueue.c.o --
- PROCEDURES:
     is_empty_gsqueue                          20A6      1F      31       1   .text       
     remove_gsqueue                            20C5      63      99       1   .text       
     put_gsqueue                               2128      67     103       3   .text       
     deplete_gsqueue                           218F      22      34       1   .text       
- VARIABLES:
MODULE:                 -- qdata.c.o --
- PROCEDURES:
- VARIABLES:
     gsqueues                                   100      10      16       7   .data       
MODULE:                 -- stimers.c.o --
- PROCEDURES:
     init_stimers                              21B1      1F      31       1   .text       
     handler_timers                            21D0      97     151       3   .text       
     assign_timer                              2267      62      98      11   .text       
     kick_timer                                22C9      37      55      34   .text       
     kill_timer                                2300       4       4      15   .text       
- VARIABLES:
     timers                                     19B      68     104      12   .bss        
MODULE:                 -- watchdog.c.o --
- PROCEDURES:
     kick_watchdog                             2304      17      23       8   .text       
     check_watchdog                            231B      18      24       1   .text       
- VARIABLES:
     watchdog_tick                              110       2       2       5   .data       
MODULE:                 -- wouts.c.o --
- PROCEDURES:
     init_wouts                                2333       6       6       1   .text       
     enable_vlocks                             2339      23      35       2   .text       
     disable_vlocks                            235C      23      35       2   .text       
     kick_wouts                                237F       B      11       1   .text       
     proc_wouts                                238A      11      17       1   .text       
- VARIABLES:
     wout_image                                 203       1       1       4   .bss        
     kickwouts                                  204       1       1       3   .bss        
     vlocks_st                                  205       2       2       3   .bss        
MODULE:                 -- initsys.c.o --
- PROCEDURES:
     init_system                               239B      4B      75       1   .text       
- VARIABLES:
     mcu_id.1                                   207       1       1       4   .bss        
     installed_mem.2                            208       1       1       2   .bss        
MODULE:                 -- valact.c.o --
- PROCEDURES:
     init_val                                  23E6       E      14       1   .text       
     set_start_rcv                             23F4      14      20       1   .text       
     init_vframe                               2408      2B      43       1   .text       
     store_vdata                               2433      27      39       1   .text       
     rec_vframe                                245A      27      39       2   .text       
     drop_vframe                               2481       6       6       3   .text       
     vblocked_ppro                             2487       D      13       1   .text       
     idle_val_ppro                             2494      25      37       1   .text       
     in_frame_ppro                             24B9      33      51       1   .text       
- VARIABLES:
     rframe                                     209      82     130       7   .bss        
     pfr                                        28B       2       2       4   .bss        
     val_timer                                  28D       1       1       5   .bss        
MODULE:                 -- valctrl.c.o --
- PROCEDURES:
- VARIABLES:
     trans_vblocked                            7120       F      15       1   .rodata     
     trans_idle_val                            712F      19      25       1   .rodata     
     trans_in_frame                            7148      1E      30       1   .rodata     
     vblocked                                  7166       4       4       9   .rodata     
     idle_val                                  716A       4       4       3   .rodata     
     in_frame                                  716E       4       4       4   .rodata     
MODULE:                 -- dispatch.c.o --
- PROCEDURES:
     init_dispatcher                           24EC      13      19       1   .text       
     dispatcher                                24FF      38      56       1   .text       
- VARIABLES:
MODULE:                 -- mparser.c.o --
- PROCEDURES:
     do_mparse                                 2537      90     144       2   .text       
     exec_mparser                              25C7      21      33       4   .text       
     init_mparsers                             25E8      3A      58       5   .text       
- VARIABLES:
     in                                         28E       1       1       2   .bss        
MODULE:                 -- mpdata.c.o --
- PROCEDURES:
- VARIABLES:
     mparsers                                   112      1E      30       4   .data       
MODULE:                 -- news.c.o --
- PROCEDURES:
- VARIABLES:
     def_news                                  7172      50      80      34   .rodata     
     emer_queue                                 7EA       4       4       3   .common     
     cond_queue                                 7EE       8       8       3   .common     
     news_queue                                 7F6      10      16       3   .common     
MODULE:                 -- nqdata.c.o --
- PROCEDURES:
- VARIABLES:
     nqueues                                    130      18      24       5   .data       
MODULE:                 -- nqueue.c.o --
- PROCEDURES:
     is_empty_nqueue                           2622      13      19       1   .text       
     remove_nqueue                             2635      89     137       3   .text       
     put_nqueue                                26BE      84     132      26   .text       
- VARIABLES:
MODULE:                 -- utils.c.o --
- PROCEDURES:
     get_checksum                              2742      2A      42       1   .text       
     conv_endians                              276C      14      20       6   .text       
- VARIABLES:
MODULE:                 -- alarm.c.o --
- PROCEDURES:
     set_alarm                                 2780      1E      30       1   .text       
- VARIABLES:
MODULE:                 -- drverr.c.o --
- PROCEDURES:
     fatal                                     279E       3       3       2   .text       
- VARIABLES:
MODULE:                 -- enaint.c.o --
- PROCEDURES:
     init_stack                                27A1       7       7       1   .text       
     push                                      27A8      16      22       1   .text       
     pop                                       27BE      1A      26       1   .text       
     init_int_handler                          27D8       2       2       1   .text       
     sem_disable                               27DA      22      34      15   .text       
     sem_enable                                27FC      24      36      17   .text       
     enable_gral_interrupt                     2820       3       3       1   .text       
- VARIABLES:
     STRING.F..CIM.00.13.01.CIM..1             7692      3E      62       2   .rodata1    
     int_stack                                  28F       8       8       3   .bss        
     pint                                       297       2       2       6   .bss        
MODULE:                 -- lowint.c.o --
- PROCEDURES:
     enable_interrupt                          2823       2       2       2   .text       
     disable_interrupt                         2825       2       2       3   .text       
     get_enable_status                         2827      10      16       1   .text       
- VARIABLES:
MODULE:                 -- grstatus.c.o --
- PROCEDURES:
     init_group_status                         2837      5E      94       1   .text       
     get_grstat                                2895       4       4       4   .text       
     get_group_status                          2899      2F      47       1   .text       
     set_safebox_st                            28C8      14      20       3   .text       
     set_locker_state                          28DC      25      37      18   .text       
     set_plunger_state                         2901      25      37       8   .text       
     set_stacker_state                         2926      25      37       4   .text       
     inform_locker_error                       294B      25      37       9   .text       
- VARIABLES:
     grst                                       299       9       9      37   .bss        
     rem_grst.1                                 2A2       9       9       4   .bss        
MODULE:                 -- locker.c.o --
- PROCEDURES:
     set_locker                                2970      2D      45       2   .text       
     set_tlock                                 299D      4C      76       2   .text       
     get_tlock_timer                           29E9       F      15       2   .text       
     set_tunlock_enable                        29F8      1C      28       1   .text       
     get_unlock_ena_timer                      2A14       4       4       4   .text       
- VARIABLES:
     lock_timer                                 148       4       4       5   .data       
     unlock_timer                               2AB       2       2       2   .bss        
MODULE:                 -- maintime.c.o --
- PROCEDURES:
     execute_list                              2A18      20      32       1   .text       
     init_main_timer_interrupt                 2A38       C      12       1   .text       
     main_timer_interrupt                      2A44      5A      90       1   .text       
- VARIABLES:
     main_timer_counter                         2AD       2       2       5   .bss        
MODULE:                 -- sleep.c.o --
- PROCEDURES:
     check_sleep                               2A9E      10      16       1   .text       
     sleep                                     2AAE      1B      27       9   .text       
- VARIABLES:
     tick                                       2AF       2       2       4   .bss        
MODULE:                 -- alphact.c.o --
- PROCEDURES:
     init_prot                                 2AC9      2E      46       1   .text       
     init_frame                                2AF7       F      15       2   .text       
     master_restart                            2B06       C      12       1   .text       
     store_dev                                 2B12      19      25       1   .text       
     store_cmd                                 2B2B      20      32       1   .text       
     in_numdata                                2B4B       9       9       1   .text       
     store_numdata                             2B54      15      21       1   .text       
     store_data                                2B69      2D      45       1   .text       
     rec_frame                                 2B96      26      38       1   .text       
     drop_frame                                2BBC       F      15       7   .text       
     send_nack                                 2BCB      18      24       1   .text       
     send_resp                                 2BE3      18      24       1   .text       
     block_val                                 2BFB      13      19       1   .text       
     toidle                                    2C0E       9       9       1   .text       
     idle_ppro                                 2C17      1C      28       1   .text       
     wait_dev_ppro                             2C33      1E      30       1   .text       
     wait_cmd_ppro                             2C51      1E      30       1   .text       
     wait_ndata_ppro                           2C6F      55      85       1   .text       
     in_data_ppro                              2CC4      20      32       1   .text       
     pframe_ppro                               2CE4       C      12       1   .text       
     wait_vresp_ppro                           2CF0      17      23       1   .text       
- VARIABLES:
     ppayload                                   2B1       2       2       3   .bss        
     count_data                                 2B3       2       2       7   .bss        
     num_data                                   2B5       2       2       2   .bss        
     sum                                        2B7       1       1       7   .bss        
     tbet_byte                                  2B8       1       1       9   .bss        
     txmit1                                     2B9       1       1       2   .bss        
     tinactivity                                2BA       1       1       7   .bss        
     rcv_frame                                  806     216     534      11   .common     
MODULE:                 -- alphctrl.c.o --
- PROCEDURES:
- VARIABLES:
     trans_idle_prot                           71C2      14      20       1   .rodata     
     trans_wait_dev                            71D6      19      25       1   .rodata     
     trans_wait_cmd                            71EF      19      25       1   .rodata     
     trans_wait_numdata                        7208      1E      30       1   .rodata     
     trans_in_data                             7226      19      25       1   .rodata     
     trans_pframe                              723F      19      25       1   .rodata     
     trans_wait_vresp                          7258      14      20       1   .rodata     
     idle_prot                                 726C       4       4      15   .rodata     
     wait_dev                                  7270       4       4       4   .rodata     
     wait_cmd                                  7274       4       4       3   .rodata     
     wait_numdata                              7278       4       4       4   .rodata     
     in_data                                   727C       4       4       4   .rodata     
     pframe                                    7280       4       4       3   .rodata     
     wait_vresp                                7284       4       4       3   .rodata     
MODULE:                 -- logprot.c.o --
- PROCEDURES:
     send_val_frame                            2D07      18      24       1   .text       
     verify_installed_memory                   2D1F      4E      78      14   .text       
     verify_memory_and_mcu                     2D6D      45      69       4   .text       
     verify_content_mcu                        2DB2      3F      63      28   .text       
     verify_to_respond                         2DF1      47      71      17   .text       
     log_user_and_password                     2E38      6F     111       3   .text       
     validate_user_and_devlist                 2EA7      57      87       3   .text       
     get_curr_val                              2EFE       4       4       2   .text       
     send_nack_resp                            2F02      11      17       1   .text       
     proc_unlock                               2F13     144     324       2   .text       
     proc_lock                                 3057      33      51       1   .text       
     proc_actrl                                308A      46      70       1   .text       
     proc_addusr                               30D0      8E     142       1   .text       
     proc_delusr                               315E      7D     125       1   .text       
     proc_editusr                              31DB      C5     197       3   .text       
     proc_getusrdev                            32A0      66     102       1   .text       
     proc_setusrdev                            3306      95     149       1   .text       
     proc_valusr                               339B      86     134       1   .text       
     proc_getusrinfo                           3421      4E      78       1   .text       
     proc_usrformat                            346F      6A     106       1   .text       
     proc_version                              34D9      2E      46       1   .text       
     proc_model                                3507      33      51       1   .text       
     proc_shutdown                             353A      13      19       1   .text       
     proc_gr1_status                           354D      2E      46       1   .text       
     proc_blankdfs                             357B      37      55       1   .text       
     proc_create_file                          35B2      89     137       1   .text       
     proc_status_file                          363B      53      83       1   .text       
     proc_read_file                            368E     129     297       3   .text       
     proc_write_file                           37B7      B9     185       1   .text       
     proc_seek_file                            3870      75     117       1   .text       
     proc_reinit_file                          38E5      4D      77       1   .text       
     proc_get_dfs_info                         3932      3E      62       1   .text       
     proc_tlock                                3970      4E      78       1   .text       
     proc_tunlock_enable                       39BE      3F      63       1   .text       
     proc_val_config                           39FD      4E      78       1   .text       
     proc_forceusrpass                         3A4B      CB     203       1   .text       
     proc_syncnumframes                        3B16      18      24       1   .text       
     proc_hostpwr                              3B2E      40      64       1   .text       
     proc_resetmcu                             3B6E      31      49       1   .text       
     proc_not_assigned                         3B9F      1D      29       2   .text       
     proc_rcv_cmd                              3BBC      1A      26       1   .text       
     proc_dev_val                              3BD6      57      87       2   .text       
     proc_dev_sbox                             3C2D       9       9       7   .text       
     proc_rcv_frame                            3C36       D      13       1   .text       
     send_sbox_frame                           3C43      1F      31      27   .text       
     prepare_resp_sbox                         3C62      6A     106      27   .text       
     prepare_resp_val                          3CCC      17      23       1   .text       
     init_logprot                              3CE3       D      13       1   .text       
     exec_protocol                             3CF0      3D      61       2   .text       
- VARIABLES:
     pdevs                                     7288      12      18       1   .rodata     
     pcmds                                     729A      48      72       1   .rodata     
     STRING.SW00.14.00HW03.00.1                76D0      12      18       1   .rodata1    
     xframe                                     2BB       4       4      10   .bss        
     in                                         2BF       2       2       3   .bss        
     curr_val                                   2C1       1       1       2   .bss        
     txmit0                                     2C2       1       1       2   .bss        
     user0                                      2C3      22      34      30   .bss        
     user1                                      2E5      22      34      10   .bss        
     sta                                        307      16      22       2   .bss        
     xmit_frames                                31D       2       2       3   .bss        
     read_buff.2                                31F      FB     251       7   .bss        
MODULE:                 -- mtimetbl.c.o --
- PROCEDURES:
- VARIABLES:
     actions_2                                 72E2       8       8       1   .rodata     
     actions_20                                72EA       6       6       1   .rodata     
     actions_100                               72F0       4       4       1   .rodata     
     timer_chain                               72F4       C      12       1   .rodata     
MODULE:                 -- platform.c.o --
- PROCEDURES:
     platform_init                             3D2D      12      18       1   .text       
     acknowledge_irqs                          3D3F       E      14       1   .text       
- VARIABLES:
MODULE:                 -- cop.c.o --
- PROCEDURES:
     cop_init                                  3D4D       6       6       1   .text       
     kick_cop_wdog                             3D53       4       4       5   .text       
- VARIABLES:
MODULE:                 -- icg.c.o --
- PROCEDURES:
     icg_init                                  3D57      16      22       1   .text       
- VARIABLES:
MODULE:                 -- ioports.c.o --
- PROCEDURES:
     ports_init                                3D6D      A5     165       1   .text       
     loging_led                                3E12       7       7       1   .text       
- VARIABLES:
MODULE:                 -- lvd.c.o --
- PROCEDURES:
     lvd_init                                  3E19       B      11       1   .text       
- VARIABLES:
MODULE:                 -- rti.c.o --
- PROCEDURES:
     rti_handler                               3E24      23      35       1   .text       
     init_timer_hardware                       3E47      49      73       1   .text       
- VARIABLES:
     irqf                                      7300      10      16       4   .rodata     
     enable_maintime                            14C       1       1       1   .data       
     _Vector_25                                FFCC       2       2       0   .abs_section_ffcc
     mtime                                      A1C       2       2       2   .common     
MODULE:                 -- spi.c.o --
- PROCEDURES:
     spi_init                                  3E90       F      15       2   .text       
     spi_xfer                                  3E9F      15      21       2   .text       
- VARIABLES:
MODULE:                 -- pwrhdl.c.o --
- PROCEDURES:
     get_mcu_id                                3EB4       B      11       6   .text       
     get_batt_lvl                              3EBF      66     102       5   .text       
     connect_battery                           3F25       3       3       1   .text       
     disconnect_battery                        3F28       3       3       5   .text       
     connect_bchrg                             3F2B       5       5       3   .text       
     disconnect_bchrg                          3F30       3       3       2   .text       
     in_pwf                                    3F33       8       8       1   .text       
     proc_pwrstatus_irq                        3F3B       E      14       1   .text       
     proc_pwrstatus_rti                        3F49      1B      27       1   .text       
     set_host_pwr                              3F64       A      10       4   .text       
     primary_shut_down                         3F6E       3       3       1   .text       
- VARIABLES:
     pwrstat_st                                 41A       1       1       4   .bss        
     blvl_buff.1                                41B      14      20       5   .bss        
     blvl.2                                     42F       2       2       7   .bss        
MODULE:                 -- pwrsys.c.o --
- PROCEDURES:
     init_pwrsys                               3F71      3A      58       1   .text       
     set_batt_st                               3FAB      12      18       4   .text       
     set_pwr_st                                3FBD      16      22       2   .text       
     host_reset                                3FD3      24      36       1   .text       
     shutdown                                  3FF7      24      36       1   .text       
     set_memstat                               401B       E      14       2   .text       
- VARIABLES:
     pwrsys                                     431       1       1      13   .bss        
MODULE:                 -- cparse.c.o --
- PROCEDURES:
     execute_parser                            4029      96     150       2   .text       
     init_cparse                               40BF      40      64       1   .text       
     do_cparse                                 40FF      6B     107       1   .text       
     get_cstate                                416A       9       9       2   .text       
     which_sensor                              4173       6       6       4   .text       
     is_key_switch_open                        4179       B      11       2   .text       
- VARIABLES:
     cpdata                                     14D      31      49       6   .data       
     qcp                                        432       2       2      11   .bss        
     pcp                                        434       2       2       3   .bss        
     p1.1                                       436       2       2       3   .bss        
MODULE:                 -- cpdata.c.o --
- PROCEDURES:
     nil                                       4184       1       1       6   .text       
     inf_close                                 4185      42      66       1   .text       
     inf_open                                  41C7      44      68       1   .text       
- VARIABLES:
     sens_news                                 7310      1C      28       2   .rodata     
     sens_tout                                 732C      1C      28       2   .rodata     
     senspar                                   7348      20      32       7   .rodata     
MODULE:                 -- sensor.c.o --
- PROCEDURES:
     get_sensor                                420B      1A      26       2   .text       
     init_sensors                              4225      1D      29       1   .text       
     proc_sensors                              4242      1D      29       1   .text       
- VARIABLES:
     sens_mask                                 7368       7       7       1   .rodata     
MODULE:                 -- phylay.c.o --
- PROCEDURES:
     init_phymed                               425F       4       4       1   .text       
     set_dir_phymed                            4263       D      13       7   .text       
- VARIABLES:
MODULE:                 -- sersw.c.o --
- PROCEDURES:
     init_sersw                                4270       4       4       1   .text       
     set_sersw                                 4274       D      13       2   .text       
- VARIABLES:
MODULE:                 -- dwosact.c.o --
- PROCEDURES:
     init_dwosctrl                             4281      35      53       1   .text       
     lock_locker_wos                           42B6      24      36       3   .text       
     unlock_locker_wos                         42DA      50      80       1   .text       
     lked2ulked_wos                            432A      13      19       1   .text       
     lked2pulking_wos                          433D      2E      46       3   .text       
     pulking2ulked_wos                         436B      13      19       1   .text       
     pulking2ulking_wos                        437E      1C      28       1   .text       
     pulking2lked_wos                          439A       C      12       2   .text       
     ulking2ulked_wos                          43A6      15      21       1   .text       
     ulking2lked_wos                           43BB       F      15       2   .text       
     ulked2lked_wos                            43CA      16      22       3   .text       
     lked2lked_wos                             43E0       7       7       1   .text       
     ulked2lking_wos                           43E7      10      16       2   .text       
     lking2lked_wos                            43F7       D      13       1   .text       
     dwos_ppro                                 4404      1B      27       6   .text       
- VARIABLES:
     lockt_dwos                                 438       1       1       5   .bss        
     unlocke_dwos                               439       1       1       4   .bss        
MODULE:                 -- dwosctrl.c.o --
- PROCEDURES:
- VARIABLES:
     trans_idle_wos                            736F      14      20       1   .rodata     
     trans_locked_wos                          7383      19      25       1   .rodata     
     trans_pre_unlocking_wos                   739C      23      35       1   .rodata     
     trans_unlocking_wos                       73BF      1E      30       1   .rodata     
     trans_unlocked_wos                        73DD      1E      30       1   .rodata     
     trans_locking_wos                         73FB      14      20       1   .rodata     
     idle_wos                                  740F       4       4       3   .rodata     
     locked_wos                                7413       4       4      13   .rodata     
     pre_unlocking_wos                         7417       4       4       5   .rodata     
     unlocking_wos                             741B       4       4       3   .rodata     
     unlocked_wos                              741F       4       4       6   .rodata     
     locking_wos                               7423       4       4       4   .rodata     
MODULE:                 -- dwsact.c.o --
- PROCEDURES:
     init_dwsctrl                              441F      2F      47       1   .text       
     lock_locker_ws                            444E      2B      43       3   .text       
     unlock_locker_ws                          4479      5E      94       1   .text       
     inform_open_ws                            44D7       6       6       5   .text       
     inform_close_ws                           44DD       7       7       5   .text       
     lked2pulking_ws                           44E4      2E      46       3   .text       
     lked2unlked_ws                            4512       E      14       1   .text       
     pulking2ulking_ws                         4520      1C      28       1   .text       
     pulking2lked_ws                           453C      12      18       2   .text       
     pulking2ulked_ws                          454E       E      14       1   .text       
     ulking2lked_ws                            455C      1E      30       2   .text       
     ulking2ulked_ws                           457A       F      15       1   .text       
     ulked2lking_ws                            4589       F      15       2   .text       
     ulked2lked_ws                             4598       F      15       1   .text       
     lking2lked_ws                             45A7       6       6       1   .text       
     dws_ppro                                  45AD      1B      27       6   .text       
- VARIABLES:
     lockt_dws                                  43A       1       1       6   .bss        
     ulocke_dws                                 43B       1       1       4   .bss        
MODULE:                 -- dwsctrl.c.o --
- PROCEDURES:
- VARIABLES:
     trans_idle_ws                             7427      14      20       1   .rodata     
     trans_locked_ws                           743B      1E      30       1   .rodata     
     trans_pre_unlocking_ws                    7459      28      40       1   .rodata     
     trans_unlocking_ws                        7481      23      35       1   .rodata     
     trans_unlocked_ws                         74A4      28      40       1   .rodata     
     trans_locking_ws                          74CC      1E      30       1   .rodata     
     idle_ws                                   74EA       4       4       3   .rodata     
     locked_ws                                 74EE       4       4      12   .rodata     
     pre_unlocking_ws                          74F2       4       4       7   .rodata     
     unlocking_ws                              74F6       4       4       5   .rodata     
     unlocked_ws                               74FA       4       4       8   .rodata     
     locking_ws                                74FE       4       4       6   .rodata     
MODULE:                 -- lockerhdl.c.o --
- PROCEDURES:
     lock_a_ctrl                               45C8      1F      31       6   .text       
     lock_b_ctrl                               45E7      1F      31       5   .text       
     is_unlocked                               4606      1A      26       6   .text       
     is_locker_open                            4620      17      23       1   .text       
- VARIABLES:
MODULE:                 -- MC9S08GB60.C.o --
- PROCEDURES:
- VARIABLES:
     _PTAD                                        0       1       1       3   .abs_section_0
     _PTAPE                                       1       1       1       6   .abs_section_1
     _PTASE                                       2       1       1       0   .abs_section_2
     _PTADD                                       3       1       1       8   .abs_section_3
     _PTBD                                        4       1       1       0   .abs_section_4
     _PTBPE                                       5       1       1       0   .abs_section_5
     _PTBSE                                       6       1       1       0   .abs_section_6
     _PTBDD                                       7       1       1       1   .abs_section_7
     _PTCD                                        8       1       1      13   .abs_section_8
     _PTCPE                                       9       1       1       3   .abs_section_9
     _PTCSE                                       A       1       1       0   .abs_section_a
     _PTCDD                                       B       1       1       8   .abs_section_b
     _PTDD                                        C       1       1      18   .abs_section_c
     _PTDPE                                       D       1       1       0   .abs_section_d
     _PTDSE                                       E       1       1       0   .abs_section_e
     _PTDDD                                       F       1       1       5   .abs_section_f
     _PTED                                       10       1       1      16   .abs_section_10
     _PTEPE                                      11       1       1       1   .abs_section_11
     _PTESE                                      12       1       1       0   .abs_section_12
     _PTEDD                                      13       1       1       8   .abs_section_13
     _IRQSC                                      14       1       1       9   .abs_section_14
     _KBI1SC                                     16       1       1       0   .abs_section_16
     _KBI1PE                                     17       1       1       0   .abs_section_17
     _SCI1C1                                     1A       1       1       7   .abs_section_1a
     _SCI1C2                                     1B       1       1      10   .abs_section_1b
     _SCI1S1                                     1C       1       1       9   .abs_section_1c
     _SCI1S2                                     1D       1       1       0   .abs_section_1d
     _SCI1C3                                     1E       1       1       0   .abs_section_1e
     _SCI1D                                      1F       1       1       4   .abs_section_1f
     _SCI2C1                                     22       1       1       7   .abs_section_22
     _SCI2C2                                     23       1       1      10   .abs_section_23
     _SCI2S1                                     24       1       1       9   .abs_section_24
     _SCI2S2                                     25       1       1       0   .abs_section_25
     _SCI2C3                                     26       1       1       3   .abs_section_26
     _SCI2D                                      27       1       1       4   .abs_section_27
     _SPI1C1                                     28       1       1       6   .abs_section_28
     _SPI1C2                                     29       1       1       1   .abs_section_29
     _SPI1BR                                     2A       1       1       2   .abs_section_2a
     _SPI1S                                      2B       1       1       2   .abs_section_2b
     _SPI1D                                      2D       1       1       2   .abs_section_2d
     _TPM1SC                                     30       1       1       0   .abs_section_30
     _TPM1C0SC                                   35       1       1       0   .abs_section_35
     _TPM1C1SC                                   38       1       1       0   .abs_section_38
     _TPM1C2SC                                   3B       1       1       0   .abs_section_3b
     _PTFD                                       40       1       1      23   .abs_section_40
     _PTFPE                                      41       1       1       0   .abs_section_41
     _PTFSE                                      42       1       1       0   .abs_section_42
     _PTFDD                                      43       1       1       8   .abs_section_43
     _PTGD                                       44       1       1       2   .abs_section_44
     _PTGPE                                      45       1       1       4   .abs_section_45
     _PTGSE                                      46       1       1       0   .abs_section_46
     _PTGDD                                      47       1       1       5   .abs_section_47
     _ICGC1                                      48       1       1       1   .abs_section_48
     _ICGC2                                      49       1       1       1   .abs_section_49
     _ICGS1                                      4A       1       1       1   .abs_section_4a
     _ICGS2                                      4B       1       1       0   .abs_section_4b
     _ICGTRM                                     4E       1       1       0   .abs_section_4e
     _ATD1C                                      50       1       1       5   .abs_section_50
     _ATD1SC                                     51       1       1       2   .abs_section_51
     _ATD1PE                                     54       1       1       1   .abs_section_54
     _IIC1A                                      58       1       1       0   .abs_section_58
     _IIC1F                                      59       1       1       0   .abs_section_59
     _IIC1C                                      5A       1       1       0   .abs_section_5a
     _IIC1S                                      5B       1       1       0   .abs_section_5b
     _IIC1D                                      5C       1       1       0   .abs_section_5c
     _TPM2SC                                     60       1       1       0   .abs_section_60
     _TPM2C0SC                                   65       1       1       0   .abs_section_65
     _TPM2C1SC                                   68       1       1       0   .abs_section_68
     _TPM2C2SC                                   6B       1       1       0   .abs_section_6b
     _TPM2C3SC                                   6E       1       1       0   .abs_section_6e
     _TPM2C4SC                                   71       1       1       0   .abs_section_71
     _SRS                                      1800       1       1       1   .abs_section_1800
     _SBDFR                                    1801       1       1       0   .abs_section_1801
     _SOPT                                     1802       1       1       1   .abs_section_1802
     _SRTISC                                   1808       1       1       3   .abs_section_1808
     _SPMSC1                                   1809       1       1       1   .abs_section_1809
     _SPMSC2                                   180A       1       1       1   .abs_section_180a
     _DBGCAH                                   1810       1       1       0   .abs_section_1810
     _DBGCAL                                   1811       1       1       0   .abs_section_1811
     _DBGCBH                                   1812       1       1       0   .abs_section_1812
     _DBGCBL                                   1813       1       1       0   .abs_section_1813
     _DBGC                                     1816       1       1       0   .abs_section_1816
     _DBGT                                     1817       1       1       0   .abs_section_1817
     _DBGS                                     1818       1       1       0   .abs_section_1818
     _FCDIV                                    1820       1       1       1   .abs_section_1820
     _FOPT                                     1821       1       1       0   .abs_section_1821
     _FCNFG                                    1823       1       1       0   .abs_section_1823
     _FPROT                                    1824       1       1       0   .abs_section_1824
     _FSTAT                                    1825       1       1       1   .abs_section_1825
     _FCMD                                     1826       1       1       0   .abs_section_1826
     _SCI1BD                                     18       2       2       1   .abs_section_18
     _SCI2BD                                     20       2       2       1   .abs_section_20
     _TPM1CNT                                    31       2       2       0   .abs_section_31
     _TPM1MOD                                    33       2       2       0   .abs_section_33
     _TPM1C0V                                    36       2       2       0   .abs_section_36
     _TPM1C1V                                    39       2       2       0   .abs_section_39
     _TPM1C2V                                    3C       2       2       0   .abs_section_3c
     _ICGFLT                                     4C       2       2       0   .abs_section_4c
     _ATD1R                                      52       2       2       1   .abs_section_52
     _TPM2CNT                                    61       2       2       0   .abs_section_61
     _TPM2MOD                                    63       2       2       0   .abs_section_63
     _TPM2C0V                                    66       2       2       0   .abs_section_66
     _TPM2C1V                                    69       2       2       0   .abs_section_69
     _TPM2C2V                                    6C       2       2       0   .abs_section_6c
     _TPM2C3V                                    6F       2       2       0   .abs_section_6f
     _TPM2C4V                                    72       2       2       0   .abs_section_72
     _SDID                                     1806       2       2       0   .abs_section_1806
     _DBGF                                     1814       2       2       0   .abs_section_1814
MODULE:                 -- users.c.o --
- PROCEDURES:
     set_results                               4637      49      73       3   .text       
     check_results                             4680      D5     213       3   .text       
     verify_and_recover                        4755      8B     139       1   .text       
     calculate_signature                       47E0      26      38       2   .text       
     pass_compare                              4806      2C      44       2   .text       
     change_user_page                          4832      43      67       4   .text       
     user_insert                               4875      2F      47       1   .text       
     user_delete                               48A4      14      20       1   .text       
     change_password                           48B8      4D      77       1   .text       
     set_current_user_devlist                  4905      16      22       1   .text       
     verify_password                           491B      83     131       2   .text       
     user_exists                               499E     132     306      10   .text       
     format_page                               4AD0      28      40       1   .text       
     get_free_users                            4AF8      8A     138       1   .text       
     users_init                                4B82      3C      60       1   .text       
     users_format                              4BBE      2A      42       1   .text       
     users_add                                 4BE8      4A      74       1   .text       
     users_erase                               4C32      33      51       1   .text       
     users_edit                                4C65      62      98       2   .text       
     users_validation                          4CC7      52      82       3   .text       
     users_get_devlist                         4D19      34      52       1   .text       
     users_set_devlist                         4D4D      35      53       1   .text       
     get_user_information                      4D82      32      50       2   .text       
- VARIABLES:
     user_buffer                                43C      24      36      15   .bss        
     df                                         460       D      13      98   .bss        
     check_found                                46D       2       2       2   .bss        
     pass_index                                 46F       1       1       6   .bss        
     pass                                       470       4       4       2   .bss        
     recovered_count                            474       2       2       3   .bss        
     ok_count                                   476       2       2       3   .bss        
     format_count                               478       2       2       4   .bss        
MODULE:                 -- dataflsh.c.o --
- PROCEDURES:
     verify_page_address                       4DB4      4E      78       4   .text       
     verify_byte_address                       4E02      89     137       1   .text       
     df_refresh                                4E8B      2B      43       1   .text       
     dataflash_classify                        4EB6      4F      79       1   .text       
     dataflash_init                            4F05       3       3       1   .text       
     dataflash_query_type                      4F08      39      57       2   .text       
     dataflash_page_size                       4F41       B      11       2   .text       
     dataflash_page_num                        4F4C       B      11       2   .text       
     dataflash_main_memory_page_read           4F57      48      72       2   .text       
     dataflash_main_memory_page_to_buffer_xfer       4F9F      40      64       1   .text       
     dataflash_main_memory_page_to_buffer_compare       4FDF      59      89       1   .text       
     dataflash_main_memory_page_program_through_buffer       5038      C4     196       3   .text       
     dataflash_autopage_rewrite                50FC      1C      28       1   .text       
- VARIABLES:
MODULE:                 -- dffatal.c.o --
- PROCEDURES:
     dataflash_fatal                           5118       8       8      13   .text       
- VARIABLES:
MODULE:                 -- dfilsys.c.o --
- PROCEDURES:
     dfilesys_init                             5120      5D      93       1   .text       
     dfilesys_blanking                         517D      2F      47       1   .text       
     dfilesys_create_file                      51AC      DB     219       2   .text       
     dfilesys_status_file                      5287      2C      44       1   .text       
     dfilesys_get_information                  52B3      2D      45       1   .text       
     dfilesys_read_file                        52E0      48      72       1   .text       
     dfilesys_write_file                       5328      48      72       1   .text       
     dfilesys_seek                             5370      52      82       1   .text       
     dfile_reinit                              53C2      14      20       1   .text       
     dfilsys_object_size                       53D6      15      21       2   .text       
     dfilesys_sync                             53EB       4       4       4   .text       
- VARIABLES:
     dfs_info                                   47A       A      10      21   .bss        
MODULE:                 -- dfmanage.c.o --
- PROCEDURES:
     get_next_power                            53EF      2E      46       1   .text       
     program_page                              541D      58      88       4   .text       
     copy_buffer_devices                       5475       6       6       1   .text       
     copy_to_same                              547B      2B      43       2   .text       
     copy_to_other                             54A6      36      54       1   .text       
     df_format_this_page                       54DC      29      41       1   .text       
     calculate_checksum                        5505      5D      93       2   .text       
     dfmanage_init                             5562      82     130       1   .text       
     df_copy_page                              55E4      1C      28       4   .text       
     df_format_page                            5600      16      22       2   .text       
     df_read_page                              5616      71     113      11   .text       
     df_read_data                              5687      4B      75       7   .text       
     df_write_data                             56D2      4B      75       5   .text       
     df_write_page                             571D      36      54       4   .text       
     modify_page                               5753      2B      43       1   .text       
     copy_fw_file                              577E      59      89       2   .text       
- VARIABLES:
     emergency                                  484       1       1       1   .bss        
     check_read.1                               485       2       2       3   .bss        
MODULE:                 -- dfpwf.c.o --
- PROCEDURES:
     disable_pwf_interrupt                     57D7       3       3       1   .text       
     enable_pwf_interrupt                      57DA       A      10       1   .text       
     dfpwf_interrupt                           57E4       3       3       1   .text       
- VARIABLES:
MODULE:                 -- dftypes.c.o --
- PROCEDURES:
- VARIABLES:
     bsc16                                     7502      11      17       1   .rodata     
     bsc32                                     7513      11      17       1   .rodata     
     avail_flash                               7524      4D      77       4   .rodata     
     pdflash                                    A1E       4       4      13   .common     
     order_num                                  A22       1       1       4   .common     
MODULE:                 -- dfvars.c.o --
- PROCEDURES:
- VARIABLES:
     fd2bit                                    7571      20      32       9   .rodata     
     page_eff_size                              A23       2       2      29   .common     
     df_num_pages                               A25       2       2       4   .common     
     fs_num_pages                               A27       2       2       7   .common     
     num_users_per_page                         A29       2       2       4   .common     
     emerg                                      A2B       1       1      13   .common     
     page_size                                  A2C       2       2       8   .common     
     user_buff                                  A2E     210     528       7   .common     
     fs_buff                                    C3E     210     528      13   .common     
     mem_status                                 E4E       1       1      13   .common     
MODULE:                 -- flash.c.o --
- PROCEDURES:
     flash_compose_address                     57E7      63      99       1   .text       
     flash_flush_command                       584A      25      37       3   .text       
     flash_init                                586F       3       3       1   .text       
     flash_send_command                        5872      64     100       7   .text       
     flash_read_status                         58D6      27      39       2   .text       
     flash_wait_ready                          58FD      31      49       4   .text       
     flash_read                                592E      2E      46       2   .text       
     flash_write                               595C      2A      42       1   .text       
- VARIABLES:
[...]
 |  |  |     |  |  |  |  |  |  |  |  
 |  |  |     |  |  |  |  |  |  |  +- kick_timer           (see above)
 |  |  |     |  |  |  |  |  |  |     
 |  |  |     |  |  |  |  |  |  +- locking_wos         
 |  |  |     |  |  |  |  |  |  |  | 
 |  |  |     |  |  |  |  |  |  |  +- trans_locking_wos   
 |  |  |     |  |  |  |  |  |  |  |  | 
 |  |  |     |  |  |  |  |  |  |  |  +- locked_wos           (see above)
 |  |  |     |  |  |  |  |  |  |  |  |  
 |  |  |     |  |  |  |  |  |  |  |  +- lking2lked_wos      
 |  |  |     |  |  |  |  |  |  |  |  |  | 
 |  |  |     |  |  |  |  |  |  |  |  |  +- set_plunger_state    (see above)
 |  |  |     |  |  |  |  |  |  |  |  |  |  
 |  |  |     |  |  |  |  |  |  |  |  |  +- set_locker_state     (see above)
 |  |  |     |  |  |  |  |  |  |  |  |     
 |  |  |     |  |  |  |  |  |  |  |  +- pre_unlocking_wos    (see above)
 |  |  |     |  |  |  |  |  |  |  |  |  
 |  |  |     |  |  |  |  |  |  |  |  +- locking_wos          (see above)
 |  |  |     |  |  |  |  |  |  |  |  |  
 |  |  |     |  |  |  |  |  |  |  |  +- lked2pulking_wos     (see above)
 |  |  |     |  |  |  |  |  |  |  |     
 |  |  |     |  |  |  |  |  |  |  +- dwos_ppro            (see above)
 |  |  |     |  |  |  |  |  |  |     
 |  |  |     |  |  |  |  |  |  +- ulked2lking_wos     
 |  |  |     |  |  |  |  |  |  |  | 
 |  |  |     |  |  |  |  |  |  |  +- lock_locker_wos      (see above)
 |  |  |     |  |  |  |  |  |  |  |  
 |  |  |     |  |  |  |  |  |  |  +- set_locker_state     (see above)
 |  |  |     |  |  |  |  |  |  |  |  
 |  |  |     |  |  |  |  |  |  |  +- kill_timer           (see above)
 |  |  |     |  |  |  |  |  |  |     
 |  |  |     |  |  |  |  |  |  +- unlocked_wos         (see above)
 |  |  |     |  |  |  |  |  |     
 |  |  |     |  |  |  |  |  +- dwos_ppro            (see above)
 |  |  |     |  |  |  |  |     
 |  |  |     |  |  |  |  +- lked2ulked_wos      
 |  |  |     |  |  |  |  |  | 
 |  |  |     |  |  |  |  |  +- inform_locker_error  (see above)
 |  |  |     |  |  |  |  |  |  
 |  |  |     |  |  |  |  |  +- set_locker_state     (see above)
 |  |  |     |  |  |  |  |  |  
 |  |  |     |  |  |  |  |  +- set_plunger_state    (see above)
 |  |  |     |  |  |  |  |     
 |  |  |     |  |  |  |  +- locked_wos           (see above)
 |  |  |     |  |  |  |  |  
 |  |  |     |  |  |  |  +- lked2lked_wos       
 |  |  |     |  |  |  |  |  | 
 |  |  |     |  |  |  |  |  +- set_plunger_state    (see above)
 |  |  |     |  |  |  |  |     
 |  |  |     |  |  |  |  +- pre_unlocking_wos    (see above)
 |  |  |     |  |  |  |  |  
 |  |  |     |  |  |  |  +- lked2pulking_wos     (see above)
 |  |  |     |  |  |  |     
 |  |  |     |  |  |  +- dwos_ppro            (see above)
 |  |  |     |  |  |     
 |  |  |     |  |  +- unlocked_wos         (see above)
 |  |  |     |  |  |  
 |  |  |     |  |  +- idle_wos             (see above)
 |  |  |     |  |     
 |  |  |     |  +- dwos_ppro            (see above)
 |  |  |     |     
 |  |  |     +- locked_wos           (see above)
 |  |  |     |  
 |  |  |     +- extchrg             
 |  |  |     |  | 
 |  |  |     |  +- trans_extchrg       
 |  |  |     |  |  | 
 |  |  |     |  |  +- ext                 
 |  |  |     |  |  |  | 
 |  |  |     |  |  |  +- trans_ext           
 |  |  |     |  |  |  |  | 
 |  |  |     |  |  |  |  +- ext                  (see above)
 |  |  |     |  |  |  |  |  
 |  |  |     |  |  |  |  +- ext2ext             
 |  |  |     |  |  |  |  |  | 
 |  |  |     |  |  |  |  |  +- get_batt_lvl         (see above)
 |  |  |     |  |  |  |  |  |  
 |  |  |     |  |  |  |  |  +- kick_timer           (see above)
 |  |  |     |  |  |  |  |  |  
 |  |  |     |  |  |  |  |  +- put_nqueue           (see above)
 |  |  |     |  |  |  |  |  |  
 |  |  |     |  |  |  |  |  +- set_batt_st         
 |  |  |     |  |  |  |  |     | 
 |  |  |     |  |  |  |  |     +- set_safebox_st       (see above)
 |  |  |     |  |  |  |  |        
 |  |  |     |  |  |  |  +- extchrg              (see above)
 |  |  |     |  |  |  |  |  
 |  |  |     |  |  |  |  +- nchrg2chrg          
 |  |  |     |  |  |  |  |  | 
 |  |  |     |  |  |  |  |  +- connect_bchrg       
 |  |  |     |  |  |  |  |  |    
 |  |  |     |  |  |  |  |  +- kick_timer           (see above)
 |  |  |     |  |  |  |  |     
 |  |  |     |  |  |  |  +- flash_sync          
 |  |  |     |  |  |  |     | 
 |  |  |     |  |  |  |     +- dfilesys_sync        (see above)
 |  |  |     |  |  |  |     |  
 |  |  |     |  |  |  |     +- kick_timer           (see above)
 |  |  |     |  |  |  |        
 |  |  |     |  |  |  +- pwrctrl_ppro        
 |  |  |     |  |  |       
 |  |  |     |  |  +- batt2nbatt          
 |  |  |     |  |  |  | 
 |  |  |     |  |  |  +- kick_timer           (see above)
 |  |  |     |  |  |     
 |  |  |     |  |  +- backup              
 |  |  |     |  |  |  | 
 |  |  |     |  |  |  +- trans_backup        
 |  |  |     |  |  |  |  | 
 |  |  |     |  |  |  |  +- extchrg              (see above)
 |  |  |     |  |  |  |  |  
 |  |  |     |  |  |  |  +- backup2ext          
 |  |  |     |  |  |  |  |  | 
 |  |  |     |  |  |  |  |  +- set_pwr_st          
 |  |  |     |  |  |  |  |  |  | 
 |  |  |     |  |  |  |  |  |  +- set_safebox_st       (see above)
 |  |  |     |  |  |  |  |  |     
 |  |  |     |  |  |  |  |  +- connect_bchrg        (see above)
 |  |  |     |  |  |  |  |  |  
 |  |  |     |  |  |  |  |  +- kick_timer           (see above)
 |  |  |     |  |  |  |  |     
 |  |  |     |  |  |  |  +- backup               (see above)
 |  |  |     |  |  |  |  |  
 |  |  |     |  |  |  |  +- back_bmes           
 |  |  |     |  |  |  |  |  | 
 |  |  |     |  |  |  |  |  +- get_batt_lvl         (see above)
 |  |  |     |  |  |  |  |  |  
 |  |  |     |  |  |  |  |  +- set_batt_st          (see above)
 |  |  |     |  |  |  |  |  |  
 |  |  |     |  |  |  |  |  +- kick_timer           (see above)
 |  |  |     |  |  |  |  |  |  
 |  |  |     |  |  |  |  |  +- put_nqueue           (see above)
 |  |  |     |  |  |  |  |     
 |  |  |     |  |  |  |  +- shtdwn              
 |  |  |     |  |  |  |     | 
 |  |  |     |  |  |  |     +- disconnect_battery   (see above)
 |  |  |     |  |  |  |        
 |  |  |     |  |  |  +- pwrctrl_ppro         (see above)
 |  |  |     |  |  |     
 |  |  |     |  |  +- ext2backup          
 |  |  |     |  |  |  | 
 |  |  |     |  |  |  +- set_pwr_st           (see above)
 |  |  |     |  |  |  |  
 |  |  |     |  |  |  +- disconnect_bchrg    
 |  |  |     |  |  |  |    
 |  |  |     |  |  |  +- kick_timer           (see above)
 |  |  |     |  |  |     
 |  |  |     |  |  +- extnotchrg          
 |  |  |     |  |  |  | 
 |  |  |     |  |  |  +- trans_extnotchrg    
 |  |  |     |  |  |  |  | 
 |  |  |     |  |  |  |  +- backup               (see above)
 |  |  |     |  |  |  |  |  
 |  |  |     |  |  |  |  +- ext2backup           (see above)
 |  |  |     |  |  |  |  |  
 |  |  |     |  |  |  |  +- extnotchrg           (see above)
 |  |  |     |  |  |  |  |  
 |  |  |     |  |  |  |  +- checkbatt           
 |  |  |     |  |  |  |  |  | 
 |  |  |     |  |  |  |  |  +- get_batt_lvl         (see above)
 |  |  |     |  |  |  |  |  |  
 |  |  |     |  |  |  |  |  +- put_nqueue           (see above)
 |  |  |     |  |  |  |  |  |  
 |  |  |     |  |  |  |  |  +- set_batt_st          (see above)
 |  |  |     |  |  |  |  |     
 |  |  |     |  |  |  |  +- flash_sync           (see above)
 |  |  |     |  |  |  |  |  
 |  |  |     |  |  |  |  +- ext                  (see above)
 |  |  |     |  |  |  |  |  
 |  |  |     |  |  |  |  +- batt2nbatt           (see above)
 |  |  |     |  |  |  |  |  
 |  |  |     |  |  |  |  +- extchrg              (see above)
 |  |  |     |  |  |  |  |  
 |  |  |     |  |  |  |  +- nchrg2chrg           (see above)
 |  |  |     |  |  |  |     
 |  |  |     |  |  |  +- pwrctrl_ppro         (see above)
 |  |  |     |  |  |     
 |  |  |     |  |  +- chrg2nchrg          
 |  |  |     |  |  |  | 
 |  |  |     |  |  |  +- disconnect_bchrg     (see above)
 |  |  |     |  |  |  |  
 |  |  |     |  |  |  +- kick_timer           (see above)
 |  |  |     |  |  |     
 |  |  |     |  |  +- extchrg              (see above)
 |  |  |     |  |  |  
 |  |  |     |  |  +- flash_sync           (see above)
 |  |  |     |  |     
 |  |  |     |  +- pwrctrl_ppro         (see above)
 |  |  |     |     
 |  |  |     +- init_val            
 |  |  |     |  | 
 |  |  |     |  +- assign_timer         (see above)
 |  |  |     |     
 |  |  |     +- init_dwsctrl        
 |  |  |     |  | 
 |  |  |     |  +- assign_timer         (see above)
 |  |  |     |  |  
 |  |  |     |  +- get_grstat           (see above)
 |  |  |     |  |  
 |  |  |     |  +- put_nqueue           (see above)
 |  |  |     |     
 |  |  |     +- init_dwosctrl       
 |  |  |     |  | 
 |  |  |     |  +- assign_timer         (see above)
 |  |  |     |  |  
 |  |  |     |  +- get_grstat           (see above)
 |  |  |     |  |  
 |  |  |     |  +- put_nqueue           (see above)
 |  |  |     |     
 |  |  |     +- init_pwrctrl        
 |  |  |        | 
 |  |  |        +- assign_timer         (see above)
 |  |  |        |  
 |  |  |        +- get_batt_lvl         (see above)
 |  |  |        |  
 |  |  |        +- put_nqueue           (see above)
 |  |  |        |  
 |  |  |        +- kick_timer           (see above)
 |  |  |        |  
 |  |  |        +- connect_bchrg        (see above)
 |  |  |        |  
 |  |  |        +- set_batt_st          (see above)
 |  |  |        |  
 |  |  |        +- init_pwrfail_det    
 |  |  |           | 
 |  |  |           +- irq_init            
 |  |  |                
 |  |  +- dfmanage_init       
 |  |  |  | 
 |  |  |  +- dataflash_init      
 |  |  |  |  | 
 |  |  |  |  +- flash_init          
 |  |  |  |     | 
 |  |  |  |     +- spihal_init         
 |  |  |  |        | 
 |  |  |  |        +- spi_init             (see above)
 |  |  |  |           
 |  |  |  +- dataflash_query_type
 |  |  |  |  | 
 |  |  |  |  +- dataflash_fatal      (see above)
 |  |  |  |  |  
 |  |  |  |  +- flash_send_command   (see above)
 |  |  |  |  |  
 |  |  |  |  +- flash_read           (see above)
 |  |  |  |  |  
 |  |  |  |  +- dataflash_classify  
 |  |  |  |       
 |  |  |  +- dataflash_page_size 
 |  |  |  |    
 |  |  |  +- dataflash_page_num  
 |  |  |  |    
 |  |  |  +- get_next_power      
 |  |  |       
 |  |  +- users_init          
 |  |  |  | 
 |  |  |  +- _IDIVU_STAR08       
 |  |  |  |  | 
 |  |  |  |  +- _IDIVMOD             (see above)
 |  |  |  |     
 |  |  |  +- _IMUL_STAR08         (see above)
 |  |  |  |  
 |  |  |  +- verify_and_recover  
 |  |  |     | 
 |  |  |     +- set_results         
 |  |  |     |  | 
 |  |  |     |  +- df_read_page         (see above)
 |  |  |     |     
 |  |  |     +- check_results       
 |  |  |        | 
 |  |  |        +- df_format_page       (see above)
 |  |  |        |  
 |  |  |        +- _Jump_Table_Header_Offset (see above)
 |  |  |        |  
 |  |  |        +- df_read_page         (see above)
 |  |  |        |  
 |  |  |        +- program_page         (see above)
 |  |  |        |  
 |  |  |        +- df_copy_page         (see above)
 |  |  |           
 |  |  +- dfilesys_init       
 |  |  |  | 
 |  |  |  +- construct_dir       
 |  |  |  |  | 
 |  |  |  |  +- open_sweep_dir      
 |  |  |  |  |  | 
 |  |  |  |  |  +- erase_dir_buffer     (see above)
 |  |  |  |  |     
 |  |  |  |  +- read_page            (see above)
 |  |  |  |  |  
 |  |  |  |  +- df_read_data         (see above)
 |  |  |  |  |  
 |  |  |  |  +- get_info_dir        
 |  |  |  |  |  | 
 |  |  |  |  |  +- info_close          
 |  |  |  |  |  |  | 
 |  |  |  |  |  |  +- _LMUL                (see above)
 |  |  |  |  |  |  |  
 |  |  |  |  |  |  +- _LDIVU               (see above)
 |  |  |  |  |  |  |  
 |  |  |  |  |  |  +- _POP32               (see above)
 |  |  |  |  |  |  |  
 |  |  |  |  |  |  +- _LSUB                (see above)
 |  |  |  |  |  |  |  
 |  |  |  |  |  |  +- _LADD                (see above)
 |  |  |  |  |  |  |  
 |  |  |  |  |  |  +- _LCMP_RC             (see above)
 |  |  |  |  |  |  |  
 |  |  |  |  |  |  +- _COPY                (see above)
 |  |  |  |  |  |     
 |  |  |  |  |  +- info_open           
 |  |  |  |  |  |  | 
 |  |  |  |  |  |  +- _IMUL_STAR08         (see above)
 |  |  |  |  |  |     
 |  |  |  |  |  +- info_add            
 |  |  |  |  |     | 
 |  |  |  |  |     +- convert_to_external_index
 |  |  |  |  |     |  | 
 |  |  |  |  |     |  +- _LMUL                (see above)
 |  |  |  |  |     |  |  
 |  |  |  |  |     |  +- _SEXT16_32          
 |  |  |  |  |     |  |    
 |  |  |  |  |     |  +- _LADD                (see above)
 |  |  |  |  |     |  |  
 |  |  |  |  |     |  +- _LDIVU               (see above)
 |  |  |  |  |     |  |  
 |  |  |  |  |     |  +- _POP32               (see above)
 |  |  |  |  |     |     
 |  |  |  |  |     +- _COPY                (see above)
 |  |  |  |  |        
 |  |  |  |  +- info_close           (see above)
 |  |  |  |  |  
 |  |  |  |  +- close_sweep_dir     
 |  |  |  |       
 |  |  |  +- verify_and_recover_firmware_file
 |  |  |     | 
 |  |  |     +- exists_at_beginning 
 |  |  |     |    
 |  |  |     +- flush_page_in_buffer (see above)
 |  |  |     |  
 |  |  |     +- verify_both_memories
 |  |  |     |  | 
 |  |  |     |  +- get_page            
 |  |  |     |  |  | 
 |  |  |     |  |  +- flush_page_in_buffer (see above)
 |  |  |     |  |  |  
 |  |  |     |  |  +- df_read_page         (see above)
 |  |  |     |  |     
 |  |  |     |  +- verify_file_checksum
 |  |  |     |  |  | 
 |  |  |     |  |  +- flush_page_in_buffer (see above)
 |  |  |     |  |  |  
 |  |  |     |  |  +- df_read_page         (see above)
 |  |  |     |  |     
 |  |  |     |  +- compare_versions    
 |  |  |     |     | 
 |  |  |     |     +- flush_page_in_buffer (see above)
 |  |  |     |     |  
 |  |  |     |     +- df_read_page         (see above)
 |  |  |     |     |  
 |  |  |     |     +- memcmp               (see above)
 |  |  |     |        
 |  |  |     +- _Jump_Table_Header_Offset (see above)
 |  |  |     |  
 |  |  |     +- create_and_blank_firmware
 |  |  |     |  | 
 |  |  |     |  +- blank_current_file   (see above)
 |  |  |     |     
 |  |  |     +- copy_fw_file        
 |  |  |        | 
 |  |  |        +- dataflash_main_memory_page_read (see above)
 |  |  |        |  
 |  |  |        +- program_page         (see above)
 |  |  |           
 |  |  +- init_dispatcher     
 |  |     | 
 |  |     +- init_mparsers        (see above)
 |  |        
 |  +- exec_protocol       
 |  |  | 
 |  |  +- exec_mparser        
 |  |  |  | 
 |  |  |  +- do_mparse           
 |  |  |     | 
 |  |  |     +- mparsers             (see above)
 |  |  |     |  
 |  |  |     +- _CALL_STAR08         (see above)
 |  |  |        
 |  |  +- get_char            
 |  |     | 
 |  |     +- remove_gsqueue      
 |  |        | 
 |  |        +- is_empty_gsqueue    
 |  |        |  | 
 |  |        |  +- sem_disable          (see above)
 |  |        |  |  
 |  |        |  +- sem_enable           (see above)
 |  |        |  |  
 |  |        |  +- _PUSH_CC             (see above)
 |  |        |  |  
 |  |        |  +- _POP_CC              (see above)
 |  |        |     
 |  |        +- sem_disable          (see above)
 |  |        |  
 |  |        +- _ICMP                (see above)
 |  |        |  
 |  |        +- sem_enable           (see above)
 |  |           
 |  +- dispatcher          
 |  |  | 
 |  |  +- dfilesys_sync        (see above)
 |  |  |  
 |  |  +- exec_mparser         (see above)
 |  |  |  
 |  |  +- remove_nqueue       
 |  |     | 
 |  |     +- is_empty_nqueue     
 |  |     |  | 
 |  |     |  +- _PUSH_CC             (see above)
 |  |     |  |  
 |  |     |  +- _POP_CC              (see above)
 |  |     |     
 |  |     +- sem_disable          (see above)
 |  |     |  
 |  |     +- _ICMP                (see above)
 |  |     |  
 |  |     +- sem_enable           (see above)
 |  |        
 |  +- kick_watchdog        (see above)
 |     
 +- _Startup            
    | 
    +- Init                
    |  | 
    |  +- loadByte            
    |       
    +- main                 (see above)
       
 _Vector_17          
 | 
 +- host_rcv_isr        
    | 
    +- put_gsqueue         
       | 
       +- sem_disable          (see above)
       |  
       +- sem_enable           (see above)
       |  
       +- _ICMP                (see above)
          
 _Vector_19          
 | 
 +- val_err_isr         
    | 
    +- put_gsqueue          (see above)
       
 _Vector_20          
 | 
 +- val_rcv_isr         
    | 
    +- put_gsqueue          (see above)
       
 _Vector_25          
 | 
 +- rti_handler         
    | 
    +- kick_cop_wdog        (see above)
    |  
    +- test_sp             
    |  | 
    |  +- sem_disable          (see above)
    |  |  
    |  +- reset_now            (see above)
    |  |  
    |  +- sem_enable           (see above)
    |     
    +- main_timer_interrupt
    |  | 
    |  +- timer_chain         
    |  |  | 
    |  |  +- actions_2           
    |  |  |  | 
    |  |  |  +- check_watchdog      
    |  |  |  |  | 
    |  |  |  |  +- reset_now            (see above)
    |  |  |  |     
    |  |  |  +- check_sleep         
    |  |  |  |    
    |  |  |  +- proc_sensors        
    |  |  |     | 
    |  |  |     +- get_sensor           (see above)
    |  |  |     |  
    |  |  |     +- do_cparse           
    |  |  |        | 
    |  |  |        +- cpdata               (see above)
    |  |  |        |  
    |  |  |        +- execute_parser      
    |  |  |             
    |  |  +- actions_20          
    |  |  |  | 
    |  |  |  +- handler_timers      
    |  |  |  |  | 
    |  |  |  |  +- _IDIVS_STAR08        (see above)
    |  |  |  |  |  
    |  |  |  |  +- put_nqueue           (see above)
    |  |  |  |     
    |  |  |  +- proc_wouts          
    |  |  |       
    |  |  +- actions_100         
    |  |     | 
    |  |     +- proc_pwrstatus_rti  
    |  |        | 
    |  |        +- is_irqpin_set       
    |  |        |    
    |  |        +- do_enable_pwf_interrupt (see above)
    |  |        |  
    |  |        +- put_nqueue           (see above)
    |  |           
    |  +- _IMODU_STAR08       
    |  |  | 
    |  |  +- _IDIVMOD             (see above)
    |  |     
    |  +- execute_list        
    |       
    +- dflash_handler      
       | 
       +- clear_memctrl       
            
 _Vector_2           
 | 
 +- irq_handler         
    | 
    +- get_grstat           (see above)
    |  
    +- do_disable_pwf_interrupt (see above)
    |  
    +- proc_pwrstatus_irq  
    |  | 
    |  +- put_nqueue           (see above)
    |     
    +- put_nqueue           (see above)
    |  
    +- kick_cop_wdog        (see above)
    |  
    +- dfpwf_interrupt     
    |  | 
    |  +- dfilesys_sync        (see above)
    |     
    +- kick_watchdog        (see above)
       
*********************************************************************************************
STATISTIC SECTION
---------------------------------------------------------------------------------------------

ExeFile:
--------
Number of blocks to be downloaded: 11
Total size of all blocks to be downloaded: 24405

