
PROGRAM "c:\2\CIM Bootloader\bin\Project.abs"

*********************************************************************************************
TARGET SECTION
---------------------------------------------------------------------------------------------
Processor   : Freescale HC08
Memory Model: SMALL
File Format : ELF\DWARF 2.0
Linker      : SmartLinker V-5.0.30 Build 7134, May 15 2007

*********************************************************************************************
FILE SECTION
---------------------------------------------------------------------------------------------
newboot.asm.o                           Model: SMALL,         Lang: Assembler

*********************************************************************************************
STARTUP SECTION
---------------------------------------------------------------------------------------------
Entry point: 0xFC00 (main)

*********************************************************************************************
SECTION-ALLOCATION SECTION
Section Name                    Size  Type     From       To       Segment
---------------------------------------------------------------------------------------------
NVPROT_ROM                         1     R     0xFFBD     0xFFBD   NVPROTROM
NVOPT_ROM                          1     R     0xFFBF     0xFFBF   NVOPTROM
.data                            576   R/W      0x100      0x33F   RAM
MY_ZEROPAGE                       24   R/W       0x80       0x97   Z_RAM
.init                            780     R     0xFC00     0xFF0B   ROM
.stack                            80   R/W      0x340      0x38F   RAM
.vectSeg0_vect                     2     R     0xFFFE     0xFFFF   .vectSeg0

Summary of section sizes per section type:
READ_ONLY (R):         310 (dec:      784)
READ_WRITE (R/W):      2A8 (dec:      680)

*********************************************************************************************
VECTOR-ALLOCATION SECTION
    Address     InitValue   InitFunction
---------------------------------------------------------------------------------------------
     0xFFFE        0xFC00   main

*********************************************************************************************
OBJECT-ALLOCATION SECTION
     Name               Module                 Addr   hSize   dSize     Ref    Section   RLIB
---------------------------------------------------------------------------------------------
MODULE:                 -- newboot.asm.o --
- PROCEDURES:
     main                                      FC00      1C      28       0   .init       
     selfprg                                   FC1C       B      11       0   .init       
     000011                                    FC27      37      55       0   .init       
     sf__0                                     FC5E      10      16       0   .init       
     fail                                      FC6E       5       5       0   .init       
     f__0                                      FC6E       0       0       0   .init       
     VAR00001                                  FC73       1       1       0   .init       
     reboot                                    FC73       0       0       0   .init       
     init_page                                 FC74      16      22       3   .init       
     sx__1                                     FC8A       5       5       0   .init       
     spi_xfer                                  FC8A       0       0       7   .init       
     sx__2                                     FC8F       6       6       0   .init       
     xfer_page_ram                             FC95       5       5       1   .init       
     xf__1                                     FC9A       F      15       0   .init       
     xf__2                                     FCA9       3       3       0   .init       
     read_page                                 FCAC      11      17       3   .init       
     rp__1                                     FCBD      1E      30       0   .init       
     fgetc                                     FCDB       C      12      12   .init       
     fg__3                                     FCE7      15      21       0   .init       
     fg__1                                     FCFC      15      21       0   .init       
     fg__2                                     FD11       4       4       0   .init       
     compare_versions                          FD15       B      11       1   .init       
     cv__1                                     FD20      11      17       0   .init       
     cv__3                                     FD31       4       4       0   .init       
     cv__2                                     FD35       1       1       0   .init       
     cv__4                                     FD36       1       1       0   .init       
     download_file                             FD37       9       9       2   .init       
     dw__0                                     FD40       E      14       2   .init       
     VAR00002                                  FD4E       1       1       0   .init       
     quit                                      FD4E       0       0       0   .init       
     erase                                     FD4F      1A      26       0   .init       
     wr_data                                   FD69      16      22       0   .init       
     wd__0                                     FD7F      17      23       0   .init       
     DoOnStack                                 FD96      17      23       0   .init       
     ChkDoneErase                              FDAD       C      12       0   .init       
     EraseSubEnd                               FDB9      22      34       1   .init       
     ProgSub                                   FDB9       0       0       0   .init       
     ChkDoneProg                               FDDB       C      12       0   .init       
     check_usr_code                            FDE7      16      22       2   .init       
     ProgSubEnd                                FDE7       0       0       1   .init       
     cc__1                                     FDFD       8       8       0   .init       
     cc__2                                     FE05      1A      26       0   .init       
     cc__3                                     FE1F       4       4       0   .init       
     cc__4                                     FE23       1       1       0   .init       
     cc__5                                     FE24       1       1       0   .init       
     check_file                                FE25      14      20       2   .init       
     cf__1                                     FE39       B      11       0   .init       
     cf__2                                     FE44      17      23       0   .init       
     cf__3                                     FE5B       4       4       0   .init       
     cf__4                                     FE5F       1       1       0   .init       
     cf__5                                     FE60       1       1       0   .init       
     init_ioports                              FE61      40      64       1   .init       
     spi_select                                FEA1       C      12       2   .init       
     ss__1                                     FEAD       7       7       0   .init       
     ss__0                                     FEB4       1       1       0   .init       
     spi_deselect                              FEB5       7       7       2   .init       
     sd__1                                     FEBC       2       2       0   .init       
     sd__0                                     FEBE       1       1       0   .init       
     trigger_wdg                               FEBF       9       9       4   .init       
     query_memory                              FEC8      1C      28       1   .init       
     qm__0                                     FEE4       3       3       0   .init       
     qm__1                                     FEE7       4       4       0   .init       
     delay                                     FEEB       1       1       1   .init       
     d__0                                      FEEC       B      11       0   .init       
     send_cmd                                  FEF7      15      21       2   .init       
- VARIABLES:
     ram_ix                                      80       2       2       5   MY_ZEROPAGE 
     file_ix                                     82       2       2       4   MY_ZEROPAGE 
     num_page                                    84       2       2       6   MY_ZEROPAGE 
     page_addr                                   86       3       3       9   MY_ZEROPAGE 
     faddress                                    89       2       2       7   MY_ZEROPAGE 
     raddress                                    8B       2       2       3   MY_ZEROPAGE 
     stack                                       8D       2       2       4   MY_ZEROPAGE 
     data_count                                  8F       1       1       5   MY_ZEROPAGE 
     len                                         90       1       1       2   MY_ZEROPAGE 
     high_check                                  91       1       1       3   MY_ZEROPAGE 
     file_check                                  92       2       2       4   MY_ZEROPAGE 
     check                                       94       2       2       7   MY_ZEROPAGE 
     mem_status                                  96       1       1       4   MY_ZEROPAGE 
     mem_cmd                                     97       1       1       2   MY_ZEROPAGE 
     ram_buff                                   100     200     512       6   .data       
     ram_data                                   300      40      64       1   .data       
     NVPROT                                    FFBD       1       1       0   NVPROT_ROM  
     NVOPT                                     FFBF       1       1       0   NVOPT_ROM   
- LABELS:
     __SEG_END_SSTACK                           390       0       0       1               

*********************************************************************************************
MODULE STATISTIC
  Name                                      Data   Code  Const
---------------------------------------------------------------------------------------------
  newboot.asm.o                              600    780      2
  other                                       80      2      0

*********************************************************************************************
SECTION USE IN OBJECT-ALLOCATION SECTION
---------------------------------------------------------------------------------------------
SECTION: ".data"
  ram_buff ram_data 
SECTION: ".init"
  main selfprg 000011 sf__0 f__0 fail reboot VAR00001 init_page spi_xfer sx__1 
  sx__2 xfer_page_ram xf__1 xf__2 read_page rp__1 fgetc fg__3 fg__1 fg__2 
  compare_versions cv__1 cv__3 cv__2 cv__4 download_file dw__0 quit VAR00002 
  erase wr_data wd__0 DoOnStack ChkDoneErase ProgSub EraseSubEnd ChkDoneProg 
  ProgSubEnd check_usr_code cc__1 cc__2 cc__3 cc__4 cc__5 check_file cf__1 
  cf__2 cf__3 cf__4 cf__5 init_ioports spi_select ss__1 ss__0 spi_deselect 
  sd__1 sd__0 trigger_wdg query_memory qm__0 qm__1 delay d__0 send_cmd 
SECTION: "NVPROT_ROM"
  NVPROT 
SECTION: "NVOPT_ROM"
  NVOPT 
SECTION: "MY_ZEROPAGE"
  ram_ix file_ix num_page page_addr faddress raddress stack data_count len 
  high_check file_check check mem_status mem_cmd 

*********************************************************************************************
OBJECT LIST SORTED BY ADDRESS
     Name                                      Addr   hSize   dSize     Ref    Section   RLIB
---------------------------------------------------------------------------------------------
     ram_ix                                      80       2       2       5   MY_ZEROPAGE 
     file_ix                                     82       2       2       4   MY_ZEROPAGE 
     num_page                                    84       2       2       6   MY_ZEROPAGE 
     page_addr                                   86       3       3       9   MY_ZEROPAGE 
     faddress                                    89       2       2       7   MY_ZEROPAGE 
     raddress                                    8B       2       2       3   MY_ZEROPAGE 
     stack                                       8D       2       2       4   MY_ZEROPAGE 
     data_count                                  8F       1       1       5   MY_ZEROPAGE 
     len                                         90       1       1       2   MY_ZEROPAGE 
     high_check                                  91       1       1       3   MY_ZEROPAGE 
     file_check                                  92       2       2       4   MY_ZEROPAGE 
     check                                       94       2       2       7   MY_ZEROPAGE 
     mem_status                                  96       1       1       4   MY_ZEROPAGE 
     mem_cmd                                     97       1       1       2   MY_ZEROPAGE 
     ram_buff                                   100     200     512       6   .data       
     ram_data                                   300      40      64       1   .data       
     main                                      FC00      1C      28       0   .init       
     selfprg                                   FC1C       B      11       0   .init       
     000011                                    FC27      37      55       0   .init       
     sf__0                                     FC5E      10      16       0   .init       
     f__0                                      FC6E       0       0       0   .init       
     fail                                      FC6E       5       5       0   .init       
     reboot                                    FC73       0       0       0   .init       
     VAR00001                                  FC73       1       1       0   .init       
     init_page                                 FC74      16      22       3   .init       
     spi_xfer                                  FC8A       0       0       7   .init       
     sx__1                                     FC8A       5       5       0   .init       
     sx__2                                     FC8F       6       6       0   .init       
     xfer_page_ram                             FC95       5       5       1   .init       
     xf__1                                     FC9A       F      15       0   .init       
     xf__2                                     FCA9       3       3       0   .init       
     read_page                                 FCAC      11      17       3   .init       
     rp__1                                     FCBD      1E      30       0   .init       
     fgetc                                     FCDB       C      12      12   .init       
     fg__3                                     FCE7      15      21       0   .init       
     fg__1                                     FCFC      15      21       0   .init       
     fg__2                                     FD11       4       4       0   .init       
     compare_versions                          FD15       B      11       1   .init       
     cv__1                                     FD20      11      17       0   .init       
     cv__3                                     FD31       4       4       0   .init       
     cv__2                                     FD35       1       1       0   .init       
     cv__4                                     FD36       1       1       0   .init       
     download_file                             FD37       9       9       2   .init       
     dw__0                                     FD40       E      14       2   .init       
     quit                                      FD4E       0       0       0   .init       
     VAR00002                                  FD4E       1       1       0   .init       
     erase                                     FD4F      1A      26       0   .init       
     wr_data                                   FD69      16      22       0   .init       
     wd__0                                     FD7F      17      23       0   .init       
     DoOnStack                                 FD96      17      23       0   .init       
     ChkDoneErase                              FDAD       C      12       0   .init       
     ProgSub                                   FDB9       0       0       0   .init       
     EraseSubEnd                               FDB9      22      34       1   .init       
     ChkDoneProg                               FDDB       C      12       0   .init       
     ProgSubEnd                                FDE7       0       0       1   .init       
     check_usr_code                            FDE7      16      22       2   .init       
     cc__1                                     FDFD       8       8       0   .init       
     cc__2                                     FE05      1A      26       0   .init       
     cc__3                                     FE1F       4       4       0   .init       
     cc__4                                     FE23       1       1       0   .init       
     cc__5                                     FE24       1       1       0   .init       
     check_file                                FE25      14      20       2   .init       
     cf__1                                     FE39       B      11       0   .init       
     cf__2                                     FE44      17      23       0   .init       
     cf__3                                     FE5B       4       4       0   .init       
     cf__4                                     FE5F       1       1       0   .init       
     cf__5                                     FE60       1       1       0   .init       
     init_ioports                              FE61      40      64       1   .init       
     spi_select                                FEA1       C      12       2   .init       
     ss__1                                     FEAD       7       7       0   .init       
     ss__0                                     FEB4       1       1       0   .init       
     spi_deselect                              FEB5       7       7       2   .init       
     sd__1                                     FEBC       2       2       0   .init       
     sd__0                                     FEBE       1       1       0   .init       
     trigger_wdg                               FEBF       9       9       4   .init       
     query_memory                              FEC8      1C      28       1   .init       
     qm__0                                     FEE4       3       3       0   .init       
     qm__1                                     FEE7       4       4       0   .init       
     delay                                     FEEB       1       1       1   .init       
     d__0                                      FEEC       B      11       0   .init       
     send_cmd                                  FEF7      15      21       2   .init       
     NVPROT                                    FFBD       1       1       0   NVPROT_ROM  
     NVOPT                                     FFBF       1       1       0   NVOPT_ROM   

*********************************************************************************************
UNUSED-OBJECTS SECTION
---------------------------------------------------------------------------------------------

*********************************************************************************************
COPYDOWN SECTION
---------------------------------------------------------------------------------------------

*********************************************************************************************
OBJECT-DEPENDENCIES SECTION
---------------------------------------------------------------------------------------------
main                      USES __SEG_END_SSTACK check_usr_code 
000011                    USES init_ioports delay query_memory check_usr_code 
                                mem_status check_file download_file 
sf__0                     USES mem_status check_file compare_versions 
                                download_file 
fail                      USES trigger_wdg 
init_page                 USES file_ix num_page ram_buff ram_ix 
xfer_page_ram             USES ram_buff 
xf__1                     USES ram_buff spi_xfer 
read_page                 USES trigger_wdg num_page page_addr 
rp__1                     USES page_addr spi_select mem_cmd send_cmd 
                                xfer_page_ram spi_deselect 
fgetc                     USES file_ix read_page 
fg__3                     USES ram_ix file_ix init_page 
fg__1                     USES ram_ix ram_buff num_page read_page 
compare_versions          USES num_page read_page 
cv__1                     USES ram_buff 
download_file             USES init_page fgetc 
dw__0                     USES fgetc 
erase                     USES fgetc faddress data_count stack EraseSubEnd 
wr_data                   USES fgetc faddress len data_count ram_data raddress 
wd__0                     USES fgetc data_count stack ProgSubEnd 
DoOnStack                 USES data_count faddress 
ChkDoneErase              USES stack dw__0 
EraseSubEnd               USES raddress faddress len 
ChkDoneProg               USES stack dw__0 
check_usr_code            USES trigger_wdg high_check 
cc__1                     USES high_check 
cc__2                     USES trigger_wdg high_check 
check_file                USES init_page fgetc file_check check 
cf__1                     USES fgetc check 
cf__2                     USES check file_check 
query_memory              USES spi_select spi_xfer mem_status 
qm__0                     USES mem_status 
qm__1                     USES spi_deselect 
send_cmd                  USES mem_cmd spi_xfer page_addr 

*********************************************************************************************
DEPENDENCY TREE
*********************************************************************************************
 main and _Startup Group
 | 
 +- main                
    | 
    +- check_usr_code      
       | 
       +- trigger_wdg         
            
*********************************************************************************************
STATISTIC SECTION
---------------------------------------------------------------------------------------------

ExeFile:
--------
Number of blocks to be downloaded: 4
Total size of all blocks to be downloaded: 784

